Archive member included to satisfy reference by file (symbol)

C:/ST/STM32CubeIDE_1.17.0/STM32CubeIDE/plugins/com.st.stm32cube.ide.mcu.externaltools.gnu-tools-for-stm32.12.3.rel1.win32_1.1.0.202410251130/tools/bin/../lib/gcc/arm-none-eabi/12.3.1/../../../../arm-none-eabi/lib/thumb/v7e-m+fp/hard\libc_nano.a(libc_a-exit.o)
                              C:/ST/STM32CubeIDE_1.17.0/STM32CubeIDE/plugins/com.st.stm32cube.ide.mcu.externaltools.gnu-tools-for-stm32.12.3.rel1.win32_1.1.0.202410251130/tools/bin/../lib/gcc/arm-none-eabi/12.3.1/../../../../arm-none-eabi/lib/thumb/v7e-m+fp/hard/crt0.o (exit)
C:/ST/STM32CubeIDE_1.17.0/STM32CubeIDE/plugins/com.st.stm32cube.ide.mcu.externaltools.gnu-tools-for-stm32.12.3.rel1.win32_1.1.0.202410251130/tools/bin/../lib/gcc/arm-none-eabi/12.3.1/../../../../arm-none-eabi/lib/thumb/v7e-m+fp/hard\libc_nano.a(libc_a-malloc.o)
                              ./Middlewares/ST/STM32_USB_Host_Library/Class/CDC/Src/usbh_cdc.o (malloc)
C:/ST/STM32CubeIDE_1.17.0/STM32CubeIDE/plugins/com.st.stm32cube.ide.mcu.externaltools.gnu-tools-for-stm32.12.3.rel1.win32_1.1.0.202410251130/tools/bin/../lib/gcc/arm-none-eabi/12.3.1/../../../../arm-none-eabi/lib/thumb/v7e-m+fp/hard\libc_nano.a(libc_a-mallocr.o)
                              C:/ST/STM32CubeIDE_1.17.0/STM32CubeIDE/plugins/com.st.stm32cube.ide.mcu.externaltools.gnu-tools-for-stm32.12.3.rel1.win32_1.1.0.202410251130/tools/bin/../lib/gcc/arm-none-eabi/12.3.1/../../../../arm-none-eabi/lib/thumb/v7e-m+fp/hard\libc_nano.a(libc_a-malloc.o) (_malloc_r)
C:/ST/STM32CubeIDE_1.17.0/STM32CubeIDE/plugins/com.st.stm32cube.ide.mcu.externaltools.gnu-tools-for-stm32.12.3.rel1.win32_1.1.0.202410251130/tools/bin/../lib/gcc/arm-none-eabi/12.3.1/../../../../arm-none-eabi/lib/thumb/v7e-m+fp/hard\libc_nano.a(libc_a-mlock.o)
                              C:/ST/STM32CubeIDE_1.17.0/STM32CubeIDE/plugins/com.st.stm32cube.ide.mcu.externaltools.gnu-tools-for-stm32.12.3.rel1.win32_1.1.0.202410251130/tools/bin/../lib/gcc/arm-none-eabi/12.3.1/../../../../arm-none-eabi/lib/thumb/v7e-m+fp/hard\libc_nano.a(libc_a-mallocr.o) (__malloc_lock)
C:/ST/STM32CubeIDE_1.17.0/STM32CubeIDE/plugins/com.st.stm32cube.ide.mcu.externaltools.gnu-tools-for-stm32.12.3.rel1.win32_1.1.0.202410251130/tools/bin/../lib/gcc/arm-none-eabi/12.3.1/../../../../arm-none-eabi/lib/thumb/v7e-m+fp/hard\libc_nano.a(libc_a-findfp.o)
                              C:/ST/STM32CubeIDE_1.17.0/STM32CubeIDE/plugins/com.st.stm32cube.ide.mcu.externaltools.gnu-tools-for-stm32.12.3.rel1.win32_1.1.0.202410251130/tools/bin/../lib/gcc/arm-none-eabi/12.3.1/../../../../arm-none-eabi/lib/thumb/v7e-m+fp/hard\libc_nano.a(libc_a-exit.o) (__stdio_exit_handler)
C:/ST/STM32CubeIDE_1.17.0/STM32CubeIDE/plugins/com.st.stm32cube.ide.mcu.externaltools.gnu-tools-for-stm32.12.3.rel1.win32_1.1.0.202410251130/tools/bin/../lib/gcc/arm-none-eabi/12.3.1/../../../../arm-none-eabi/lib/thumb/v7e-m+fp/hard\libc_nano.a(libc_a-fwalk.o)
                              C:/ST/STM32CubeIDE_1.17.0/STM32CubeIDE/plugins/com.st.stm32cube.ide.mcu.externaltools.gnu-tools-for-stm32.12.3.rel1.win32_1.1.0.202410251130/tools/bin/../lib/gcc/arm-none-eabi/12.3.1/../../../../arm-none-eabi/lib/thumb/v7e-m+fp/hard\libc_nano.a(libc_a-findfp.o) (_fwalk_sglue)
C:/ST/STM32CubeIDE_1.17.0/STM32CubeIDE/plugins/com.st.stm32cube.ide.mcu.externaltools.gnu-tools-for-stm32.12.3.rel1.win32_1.1.0.202410251130/tools/bin/../lib/gcc/arm-none-eabi/12.3.1/../../../../arm-none-eabi/lib/thumb/v7e-m+fp/hard\libc_nano.a(libc_a-stdio.o)
                              C:/ST/STM32CubeIDE_1.17.0/STM32CubeIDE/plugins/com.st.stm32cube.ide.mcu.externaltools.gnu-tools-for-stm32.12.3.rel1.win32_1.1.0.202410251130/tools/bin/../lib/gcc/arm-none-eabi/12.3.1/../../../../arm-none-eabi/lib/thumb/v7e-m+fp/hard\libc_nano.a(libc_a-findfp.o) (__sread)
C:/ST/STM32CubeIDE_1.17.0/STM32CubeIDE/plugins/com.st.stm32cube.ide.mcu.externaltools.gnu-tools-for-stm32.12.3.rel1.win32_1.1.0.202410251130/tools/bin/../lib/gcc/arm-none-eabi/12.3.1/../../../../arm-none-eabi/lib/thumb/v7e-m+fp/hard\libc_nano.a(libc_a-memset.o)
                              C:/ST/STM32CubeIDE_1.17.0/STM32CubeIDE/plugins/com.st.stm32cube.ide.mcu.externaltools.gnu-tools-for-stm32.12.3.rel1.win32_1.1.0.202410251130/tools/bin/../lib/gcc/arm-none-eabi/12.3.1/../../../../arm-none-eabi/lib/thumb/v7e-m+fp/hard/crt0.o (memset)
C:/ST/STM32CubeIDE_1.17.0/STM32CubeIDE/plugins/com.st.stm32cube.ide.mcu.externaltools.gnu-tools-for-stm32.12.3.rel1.win32_1.1.0.202410251130/tools/bin/../lib/gcc/arm-none-eabi/12.3.1/../../../../arm-none-eabi/lib/thumb/v7e-m+fp/hard\libc_nano.a(libc_a-closer.o)
                              C:/ST/STM32CubeIDE_1.17.0/STM32CubeIDE/plugins/com.st.stm32cube.ide.mcu.externaltools.gnu-tools-for-stm32.12.3.rel1.win32_1.1.0.202410251130/tools/bin/../lib/gcc/arm-none-eabi/12.3.1/../../../../arm-none-eabi/lib/thumb/v7e-m+fp/hard\libc_nano.a(libc_a-stdio.o) (_close_r)
[...]
Memory Configuration

Name             Origin             Length             Attributes
CCMRAM           0x10000000         0x00010000         xrw
RAM              0x20000000         0x00030000         xrw
FLASH            0x08000000         0x00200000         xr
*default*        0x00000000         0xffffffff

Linker script and memory map

LOAD C:/ST/STM32CubeIDE_1.17.0/STM32CubeIDE/plugins/com.st.stm32cube.ide.mcu.externaltools.gnu-tools-for-stm32.12.3.rel1.win32_1.1.0.202410251130/tools/bin/../lib/gcc/arm-none-eabi/12.3.1/thumb/v7e-m+fp/hard/crti.o
LOAD C:/ST/STM32CubeIDE_1.17.0/STM32CubeIDE/plugins/com.st.stm32cube.ide.mcu.externaltools.gnu-tools-for-stm32.12.3.rel1.win32_1.1.0.202410251130/tools/bin/../lib/gcc/arm-none-eabi/12.3.1/thumb/v7e-m+fp/hard/crtbegin.o
LOAD C:/ST/STM32CubeIDE_1.17.0/STM32CubeIDE/plugins/com.st.stm32cube.ide.mcu.externaltools.gnu-tools-for-stm32.12.3.rel1.win32_1.1.0.202410251130/tools/bin/../lib/gcc/arm-none-eabi/12.3.1/../../../../arm-none-eabi/lib/thumb/v7e-m+fp/hard/crt0.o
LOAD ./Core/Src/freertos.o
LOAD ./Core/Src/main.o
LOAD ./Core/Src/stm32f4xx_hal_msp.o
LOAD ./Core/Src/stm32f4xx_hal_timebase_tim.o
LOAD ./Core/Src/stm32f4xx_it.o
LOAD ./Core/Src/syscalls.o
LOAD ./Core/Src/sysmem.o
LOAD ./Core/Src/system_stm32f4xx.o
LOAD ./Core/Startup/startup_stm32f429zitx.o
LOAD ./Drivers/STM32F4xx_HAL_Driver/Src/stm32f4xx_hal.o
LOAD ./Drivers/STM32F4xx_HAL_Driver/Src/stm32f4xx_hal_cortex.o
LOAD ./Drivers/STM32F4xx_HAL_Driver/Src/stm32f4xx_hal_crc.o
LOAD ./Drivers/STM32F4xx_HAL_Driver/Src/stm32f4xx_hal_dma.o
LOAD ./Drivers/STM32F4xx_HAL_Driver/Src/stm32f4xx_hal_dma2d.o
LOAD ./Drivers/STM32F4xx_HAL_Driver/Src/stm32f4xx_hal_dma_ex.o
LOAD ./Drivers/STM32F4xx_HAL_Driver/Src/stm32f4xx_hal_dsi.o
LOAD ./Drivers/STM32F4xx_HAL_Driver/Src/stm32f4xx_hal_exti.o
LOAD ./Drivers/STM32F4xx_HAL_Driver/Src/stm32f4xx_hal_flash.o
LOAD ./Drivers/STM32F4xx_HAL_Driver/Src/stm32f4xx_hal_flash_ex.o
LOAD ./Drivers/STM32F4xx_HAL_Driver/Src/stm32f4xx_hal_flash_ramfunc.o
LOAD ./Drivers/STM32F4xx_HAL_Driver/Src/stm32f4xx_hal_gpio.o
LOAD ./Drivers/STM32F4xx_HAL_Driver/Src/stm32f4xx_hal_hcd.o
LOAD ./Drivers/STM32F4xx_HAL_Driver/Src/stm32f4xx_hal_i2c.o
LOAD ./Drivers/STM32F4xx_HAL_Driver/Src/stm32f4xx_hal_i2c_ex.o
LOAD ./Drivers/STM32F4xx_HAL_Driver/Src/stm32f4xx_hal_ltdc.o
LOAD ./Drivers/STM32F4xx_HAL_Driver/Src/stm32f4xx_hal_ltdc_ex.o
LOAD ./Drivers/STM32F4xx_HAL_Driver/Src/stm32f4xx_hal_nand.o
LOAD ./Drivers/STM32F4xx_HAL_Driver/Src/stm32f4xx_hal_nor.o
LOAD ./Drivers/STM32F4xx_HAL_Driver/Src/stm32f4xx_hal_pccard.o
LOAD ./Drivers/STM32F4xx_HAL_Driver/Src/stm32f4xx_hal_pwr.o
LOAD ./Drivers/STM32F4xx_HAL_Driver/Src/stm32f4xx_hal_pwr_ex.o
LOAD ./Drivers/STM32F4xx_HAL_Driver/Src/stm32f4xx_hal_rcc.o
LOAD ./Drivers/STM32F4xx_HAL_Driver/Src/stm32f4xx_hal_rcc_ex.o
LOAD ./Drivers/STM32F4xx_HAL_Driver/Src/stm32f4xx_hal_sdram.o
LOAD ./Drivers/STM32F4xx_HAL_Driver/Src/stm32f4xx_hal_spi.o
LOAD ./Drivers/STM32F4xx_HAL_Driver/Src/stm32f4xx_hal_sram.o
LOAD ./Drivers/STM32F4xx_HAL_Driver/Src/stm32f4xx_hal_tim.o
LOAD ./Drivers/STM32F4xx_HAL_Driver/Src/stm32f4xx_hal_tim_ex.o
LOAD ./Drivers/STM32F4xx_HAL_Driver/Src/stm32f4xx_hal_uart.o
LOAD ./Drivers/STM32F4xx_HAL_Driver/Src/stm32f4xx_ll_fmc.o
LOAD ./Drivers/STM32F4xx_HAL_Driver/Src/stm32f4xx_ll_usb.o
LOAD ./Middlewares/ST/STM32_USB_Host_Library/Class/CDC/Src/usbh_cdc.o
LOAD ./Middlewares/ST/STM32_USB_Host_Library/Core/Src/usbh_core.o
LOAD ./Middlewares/ST/STM32_USB_Host_Library/Core/Src/usbh_ctlreq.o
LOAD ./Middlewares/ST/STM32_USB_Host_Library/Core/Src/usbh_ioreq.o
LOAD ./Middlewares/ST/STM32_USB_Host_Library/Core/Src/usbh_pipes.o
LOAD ./Middlewares/Third_Party/FreeRTOS/Source/CMSIS_RTOS/cmsis_os.o
LOAD ./Middlewares/Third_Party/FreeRTOS/Source/croutine.o
LOAD ./Middlewares/Third_Party/FreeRTOS/Source/event_groups.o
LOAD ./Middlewares/Third_Party/FreeRTOS/Source/list.o
LOAD ./Middlewares/Third_Party/FreeRTOS/Source/queue.o
LOAD ./Middlewares/Third_Party/FreeRTOS/Source/stream_buffer.o
LOAD ./Middlewares/Third_Party/FreeRTOS/Source/tasks.o
LOAD ./Middlewares/Third_Party/FreeRTOS/Source/timers.o
LOAD ./Middlewares/Third_Party/FreeRTOS/Source/portable/GCC/ARM_CM4F/port.o
LOAD ./Middlewares/Third_Party/FreeRTOS/Source/portable/MemMang/heap_4.o
LOAD ./USB_HOST/App/usb_host.o
LOAD ./USB_HOST/Target/usbh_conf.o
LOAD ./USB_HOST/Target/usbh_platform.o
START GROUP
LOAD C:/ST/STM32CubeIDE_1.17.0/STM32CubeIDE/plugins/com.st.stm32cube.ide.mcu.externaltools.gnu-tools-for-stm32.12.3.rel1.win32_1.1.0.202410251130/tools/bin/../lib/gcc/arm-none-eabi/12.3.1/../../../../arm-none-eabi/lib/thumb/v7e-m+fp/hard\libc_nano.a
LOAD C:/ST/STM32CubeIDE_1.17.0/STM32CubeIDE/plugins/com.st.stm32cube.ide.mcu.externaltools.gnu-tools-for-stm32.12.3.rel1.win32_1.1.0.202410251130/tools/bin/../lib/gcc/arm-none-eabi/12.3.1/../../../../arm-none-eabi/lib/thumb/v7e-m+fp/hard\libm.a
END GROUP
START GROUP
LOAD C:/ST/STM32CubeIDE_1.17.0/STM32CubeIDE/plugins/com.st.stm32cube.ide.mcu.externaltools.gnu-tools-for-stm32.12.3.rel1.win32_1.1.0.202410251130/tools/bin/../lib/gcc/arm-none-eabi/12.3.1/thumb/v7e-m+fp/hard\libgcc.a
LOAD C:/ST/STM32CubeIDE_1.17.0/STM32CubeIDE/plugins/com.st.stm32cube.ide.mcu.externaltools.gnu-tools-for-stm32.12.3.rel1.win32_1.1.0.202410251130/tools/bin/../lib/gcc/arm-none-eabi/12.3.1/../../../../arm-none-eabi/lib/thumb/v7e-m+fp/hard\libc_nano.a
END GROUP
START GROUP
LOAD C:/ST/STM32CubeIDE_1.17.0/STM32CubeIDE/plugins/com.st.stm32cube.ide.mcu.externaltools.gnu-tools-for-stm32.12.3.rel1.win32_1.1.0.202410251130/tools/bin/../lib/gcc/arm-none-eabi/12.3.1/thumb/v7e-m+fp/hard\libgcc.a
LOAD C:/ST/STM32CubeIDE_1.17.0/STM32CubeIDE/plugins/com.st.stm32cube.ide.mcu.externaltools.gnu-tools-for-stm32.12.3.rel1.win32_1.1.0.202410251130/tools/bin/../lib/gcc/arm-none-eabi/12.3.1/../../../../arm-none-eabi/lib/thumb/v7e-m+fp/hard\libc_nano.a
LOAD C:/ST/STM32CubeIDE_1.17.0/STM32CubeIDE/plugins/com.st.stm32cube.ide.mcu.externaltools.gnu-tools-for-stm32.12.3.rel1.win32_1.1.0.202410251130/tools/bin/../lib/gcc/arm-none-eabi/12.3.1/../../../../arm-none-eabi/lib/thumb/v7e-m+fp/hard\libnosys.a
END GROUP
START GROUP
LOAD C:/ST/STM32CubeIDE_1.17.0/STM32CubeIDE/plugins/com.st.stm32cube.ide.mcu.externaltools.gnu-tools-for-stm32.12.3.rel1.win32_1.1.0.202410251130/tools/bin/../lib/gcc/arm-none-eabi/12.3.1/thumb/v7e-m+fp/hard\libgcc.a
LOAD C:/ST/STM32CubeIDE_1.17.0/STM32CubeIDE/plugins/com.st.stm32cube.ide.mcu.externaltools.gnu-tools-for-stm32.12.3.rel1.win32_1.1.0.202410251130/tools/bin/../lib/gcc/arm-none-eabi/12.3.1/../../../../arm-none-eabi/lib/thumb/v7e-m+fp/hard\libc_nano.a
LOAD C:/ST/STM32CubeIDE_1.17.0/STM32CubeIDE/plugins/com.st.stm32cube.ide.mcu.externaltools.gnu-tools-for-stm32.12.3.rel1.win32_1.1.0.202410251130/tools/bin/../lib/gcc/arm-none-eabi/12.3.1/../../../../arm-none-eabi/lib/thumb/v7e-m+fp/hard\libnosys.a
END GROUP
LOAD C:/ST/STM32CubeIDE_1.17.0/STM32CubeIDE/plugins/com.st.stm32cube.ide.mcu.externaltools.gnu-tools-for-stm32.12.3.rel1.win32_1.1.0.202410251130/tools/bin/../lib/gcc/arm-none-eabi/12.3.1/thumb/v7e-m+fp/hard/crtend.o
LOAD C:/ST/STM32CubeIDE_1.17.0/STM32CubeIDE/plugins/com.st.stm32cube.ide.mcu.externaltools.gnu-tools-for-stm32.12.3.rel1.win32_1.1.0.202410251130/tools/bin/../lib/gcc/arm-none-eabi/12.3.1/thumb/v7e-m+fp/hard/crtn.o
                0x20030000                        _estack = (ORIGIN (RAM) + LENGTH (RAM))
                0x00000200                        _Min_Heap_Size = 0x200
                0x00000400                        _Min_Stack_Size = 0x400

.isr_vector     0x08000000      0x1ac
                0x08000000                        . = ALIGN (0x4)
 *(.isr_vector)
 .isr_vector    0x08000000      0x1ac ./Core/Startup/startup_stm32f429zitx.o
                0x08000000                g_pfnVectors
                0x080001ac                        . = ALIGN (0x4)

.text           0x080001b0     0x7c9c
                0x080001b0                        . = ALIGN (0x4)
 *(.text)
 .text          0x080001b0       0x40 C:/ST/STM32CubeIDE_1.17.0/STM32CubeIDE/plugins/com.st.stm32cube.ide.mcu.externaltools.gnu-tools-for-stm32.12.3.rel1.win32_1.1.0.202410251130/tools/bin/../lib/gcc/arm-none-eabi/12.3.1/thumb/v7e-m+fp/hard/crtbegin.o
 .text          0x080001f0       0x30 C:/ST/STM32CubeIDE_1.17.0/STM32CubeIDE/plugins/com.st.stm32cube.ide.mcu.externaltools.gnu-tools-for-stm32.12.3.rel1.win32_1.1.0.202410251130/tools/bin/../lib/gcc/arm-none-eabi/12.3.1/thumb/v7e-m+fp/hard\libgcc.a(_aeabi_uldivmod.o)
                0x080001f0                __aeabi_uldivmod
 .text          0x08000220      0x2bc C:/ST/STM32CubeIDE_1.17.0/STM32CubeIDE/plugins/com.st.stm32cube.ide.mcu.externaltools.gnu-tools-for-stm32.12.3.rel1.win32_1.1.0.202410251130/tools/bin/../lib/gcc/arm-none-eabi/12.3.1/thumb/v7e-m+fp/hard\libgcc.a(_udivmoddi4.o)
                0x08000220                __udivmoddi4
 .text          0x080004dc        0x4 C:/ST/STM32CubeIDE_1.17.0/STM32CubeIDE/plugins/com.st.stm32cube.ide.mcu.externaltools.gnu-tools-for-stm32.12.3.rel1.win32_1.1.0.202410251130/tools/bin/../lib/gcc/arm-none-eabi/12.3.1/thumb/v7e-m+fp/hard\libgcc.a(_dvmd_tls.o)
                0x080004dc                __aeabi_idiv0
                0x080004dc                __aeabi_ldiv0
 *(.text*)
 .text.vApplicationStackOverflowHook
                0x080004e0       0x16 ./Core/Src/freertos.o
                0x080004e0                vApplicationStackOverflowHook
 *fill*         0x080004f6        0x2 
 .text.main     0x080004f8       0x60 ./Core/Src/main.o
                0x080004f8                main
 .text.SystemClock_Config
                0x08000558       0xd4 ./Core/Src/main.o
                0x08000558                SystemClock_Config
 .text.MX_CRC_Init
                0x0800062c       0x28 ./Core/Src/main.o
 .text.MX_DMA2D_Init
                0x08000654       0x64 ./Core/Src/main.o
 .text.MX_I2C3_Init
                0x080006b8       0x80 ./Core/Src/main.o
 .text.MX_LTDC_Init
                0x08000738      0x100 ./Core/Src/main.o
 .text.MX_SPI5_Init
                0x08000838       0x6c ./Core/Src/main.o
 .text.MX_TIM1_Init
                0x080008a4       0xa0 ./Core/Src/main.o
 .text.MX_USART1_UART_Init
                0x08000944       0x54 ./Core/Src/main.o
 .text.MX_FMC_Init
                0x08000998       0xa0 ./Core/Src/main.o
 .text.MX_GPIO_Init
                0x08000a38      0x220 ./Core/Src/main.o
 .text.HAL_TIM_PeriodElapsedCallback
                0x08000c58       0x24 ./Core/Src/main.o
                0x08000c58                HAL_TIM_PeriodElapsedCallback
 .text.Error_Handler
                0x08000c7c        0xc ./Core/Src/main.o
                0x08000c7c                Error_Handler
 .text.HAL_MspInit
                0x08000c88       0x58 ./Core/Src/stm32f4xx_hal_msp.o
                0x08000c88                HAL_MspInit
 .text.HAL_CRC_MspInit
                0x08000ce0       0x44 ./Core/Src/stm32f4xx_hal_msp.o
                0x08000ce0                HAL_CRC_MspInit
 .text.HAL_DMA2D_MspInit
                0x08000d24       0x50 ./Core/Src/stm32f4xx_hal_msp.o
                0x08000d24                HAL_DMA2D_MspInit
 .text.HAL_I2C_MspInit
                0x08000d74       0xd4 ./Core/Src/stm32f4xx_hal_msp.o
                0x08000d74                HAL_I2C_MspInit
 .text.HAL_LTDC_MspInit
                0x08000e48      0x260 ./Core/Src/stm32f4xx_hal_msp.o
                0x08000e48                HAL_LTDC_MspInit
 .text.HAL_SPI_MspInit
                0x080010a8       0x90 ./Core/Src/stm32f4xx_hal_msp.o
                0x080010a8                HAL_SPI_MspInit
 .text.HAL_TIM_Base_MspInit
                0x08001138       0x44 ./Core/Src/stm32f4xx_hal_msp.o
                0x08001138                HAL_TIM_Base_MspInit
 .text.HAL_UART_MspInit
                0x0800117c       0x90 ./Core/Src/stm32f4xx_hal_msp.o
                0x0800117c                HAL_UART_MspInit
 .text.HAL_FMC_MspInit
                0x0800120c      0x124 ./Core/Src/stm32f4xx_hal_msp.o
 .text.HAL_SDRAM_MspInit
                0x08001330       0x14 ./Core/Src/stm32f4xx_hal_msp.o
                0x08001330                HAL_SDRAM_MspInit
 .text.HAL_InitTick
                0x08001344       0xf8 ./Core/Src/stm32f4xx_hal_timebase_tim.o
                0x08001344                HAL_InitTick
 .text.NMI_Handler
                0x0800143c        0x8 ./Core/Src/stm32f4xx_it.o
                0x0800143c                NMI_Handler
 .text.HardFault_Handler
                0x08001444        0x8 ./Core/Src/stm32f4xx_it.o
                0x08001444                HardFault_Handler
 .text.MemManage_Handler
                0x0800144c        0x8 ./Core/Src/stm32f4xx_it.o
                0x0800144c                MemManage_Handler
 .text.BusFault_Handler
                0x08001454        0x8 ./Core/Src/stm32f4xx_it.o
                0x08001454                BusFault_Handler
 .text.UsageFault_Handler
                0x0800145c        0x8 ./Core/Src/stm32f4xx_it.o
                0x0800145c                UsageFault_Handler
 .text.DebugMon_Handler
                0x08001464        0xe ./Core/Src/stm32f4xx_it.o
                0x08001464                DebugMon_Handler
 *fill*         0x08001472        0x2 
 .text.TIM6_DAC_IRQHandler
                0x08001474       0x14 ./Core/Src/stm32f4xx_it.o
                0x08001474                TIM6_DAC_IRQHandler
 .text.OTG_HS_IRQHandler
                0x08001488       0x14 ./Core/Src/stm32f4xx_it.o
                0x08001488                OTG_HS_IRQHandler
 .text.LTDC_IRQHandler
                0x0800149c       0x14 ./Core/Src/stm32f4xx_it.o
                0x0800149c                LTDC_IRQHandler
 .text.DMA2D_IRQHandler
                0x080014b0       0x14 ./Core/Src/stm32f4xx_it.o
                0x080014b0                DMA2D_IRQHandler
 .text.SystemInit
                0x080014c4       0x24 ./Core/Src/system_stm32f4xx.o
                0x080014c4                SystemInit
 .text.Reset_Handler
                0x080014e8       0x50 ./Core/Startup/startup_stm32f429zitx.o
                0x080014e8                Reset_Handler
 .text.Default_Handler
                0x08001538        0x2 ./Core/Startup/startup_stm32f429zitx.o
                0x08001538                RTC_Alarm_IRQHandler
                0x08001538                HASH_RNG_IRQHandler
                0x08001538                EXTI2_IRQHandler
                0x08001538                TIM8_CC_IRQHandler
                0x08001538                UART8_IRQHandler
                0x08001538                SPI4_IRQHandler
                0x08001538                TIM1_CC_IRQHandler
                0x08001538                DMA2_Stream5_IRQHandler
                0x08001538                DMA1_Stream5_IRQHandler
                0x08001538                PVD_IRQHandler
                0x08001538                SDIO_IRQHandler
                0x08001538                TAMP_STAMP_IRQHandler
                0x08001538                CAN2_RX1_IRQHandler
                0x08001538                EXTI3_IRQHandler
                0x08001538                TIM8_TRG_COM_TIM14_IRQHandler
                0x08001538                TIM1_UP_TIM10_IRQHandler
                0x08001538                TIM8_UP_TIM13_IRQHandler
                0x08001538                I2C3_ER_IRQHandler
                0x08001538                EXTI0_IRQHandler
                0x08001538                I2C2_EV_IRQHandler
                0x08001538                DMA1_Stream2_IRQHandler
                0x08001538                CAN1_RX0_IRQHandler
                0x08001538                FPU_IRQHandler
                0x08001538                OTG_HS_WKUP_IRQHandler
                0x08001538                LTDC_ER_IRQHandler
                0x08001538                CAN2_SCE_IRQHandler
                0x08001538                DMA2_Stream2_IRQHandler
                0x08001538                SPI1_IRQHandler
                0x08001538                TIM1_BRK_TIM9_IRQHandler
                0x08001538                DCMI_IRQHandler
                0x08001538                CAN2_RX0_IRQHandler
                0x08001538                DMA2_Stream3_IRQHandler
                0x08001538                USART6_IRQHandler
                0x08001538                USART3_IRQHandler
                0x08001538                CAN1_RX1_IRQHandler
                0x08001538                UART5_IRQHandler
                0x08001538                DMA2_Stream0_IRQHandler
                0x08001538                TIM4_IRQHandler
                0x08001538                I2C1_EV_IRQHandler
                0x08001538                DMA1_Stream6_IRQHandler
                0x08001538                DMA1_Stream1_IRQHandler
                0x08001538                UART4_IRQHandler
                0x08001538                TIM3_IRQHandler
                0x08001538                RCC_IRQHandler
                0x08001538                TIM8_BRK_TIM12_IRQHandler
                0x08001538                Default_Handler
                0x08001538                EXTI15_10_IRQHandler
                0x08001538                ADC_IRQHandler
                0x08001538                DMA1_Stream7_IRQHandler
                0x08001538                SPI5_IRQHandler
                0x08001538                TIM7_IRQHandler
                0x08001538                CAN2_TX_IRQHandler
                0x08001538                TIM5_IRQHandler
                0x08001538                DMA2_Stream7_IRQHandler
                0x08001538                I2C3_EV_IRQHandler
                0x08001538                EXTI9_5_IRQHandler
                0x08001538                RTC_WKUP_IRQHandler
                0x08001538                ETH_WKUP_IRQHandler
                0x08001538                SPI2_IRQHandler
                0x08001538                OTG_HS_EP1_IN_IRQHandler
                0x08001538                DMA1_Stream0_IRQHandler
                0x08001538                CAN1_TX_IRQHandler
                0x08001538                EXTI4_IRQHandler
                0x08001538                ETH_IRQHandler
                0x08001538                OTG_HS_EP1_OUT_IRQHandler
                0x08001538                WWDG_IRQHandler
                0x08001538                SPI6_IRQHandler
                0x08001538                TIM2_IRQHandler
                0x08001538                OTG_FS_WKUP_IRQHandler
                0x08001538                TIM1_TRG_COM_TIM11_IRQHandler
                0x08001538                EXTI1_IRQHandler
                0x08001538                UART7_IRQHandler
                0x08001538                USART2_IRQHandler
                0x08001538                I2C2_ER_IRQHandler
                0x08001538                DMA2_Stream1_IRQHandler
                0x08001538                CAN1_SCE_IRQHandler
                0x08001538                FLASH_IRQHandler
                0x08001538                DMA2_Stream4_IRQHandler
                0x08001538                USART1_IRQHandler
                0x08001538                OTG_FS_IRQHandler
                0x08001538                SPI3_IRQHandler
                0x08001538                DMA1_Stream4_IRQHandler
                0x08001538                I2C1_ER_IRQHandler
                0x08001538                FMC_IRQHandler
                0x08001538                DMA2_Stream6_IRQHandler
                0x08001538                SAI1_IRQHandler
                0x08001538                DMA1_Stream3_IRQHandler
 *fill*         0x0800153a        0x2 
 .text.HAL_Init
                0x0800153c       0x44 ./Drivers/STM32F4xx_HAL_Driver/Src/stm32f4xx_hal.o
                0x0800153c                HAL_Init
 .text.HAL_IncTick
                0x08001580       0x28 ./Drivers/STM32F4xx_HAL_Driver/Src/stm32f4xx_hal.o
                0x08001580                HAL_IncTick
 .text.HAL_GetTick
                0x080015a8       0x18 ./Drivers/STM32F4xx_HAL_Driver/Src/stm32f4xx_hal.o
                0x080015a8                HAL_GetTick
 .text.HAL_Delay
                0x080015c0       0x48 ./Drivers/STM32F4xx_HAL_Driver/Src/stm32f4xx_hal.o
                0x080015c0                HAL_Delay
 .text.__NVIC_SetPriorityGrouping
                0x08001608       0x48 ./Drivers/STM32F4xx_HAL_Driver/Src/stm32f4xx_hal_cortex.o
 .text.__NVIC_GetPriorityGrouping
                0x08001650       0x1c ./Drivers/STM32F4xx_HAL_Driver/Src/stm32f4xx_hal_cortex.o
 .text.__NVIC_EnableIRQ
                0x0800166c       0x3c ./Drivers/STM32F4xx_HAL_Driver/Src/stm32f4xx_hal_cortex.o
 .text.__NVIC_SetPriority
                0x080016a8       0x54 ./Drivers/STM32F4xx_HAL_Driver/Src/stm32f4xx_hal_cortex.o
 .text.NVIC_EncodePriority
                0x080016fc       0x66 ./Drivers/STM32F4xx_HAL_Driver/Src/stm32f4xx_hal_cortex.o
 .text.HAL_NVIC_SetPriorityGrouping
                0x08001762       0x16 ./Drivers/STM32F4xx_HAL_Driver/Src/stm32f4xx_hal_cortex.o
                0x08001762                HAL_NVIC_SetPriorityGrouping
 .text.HAL_NVIC_SetPriority
                0x08001778       0x38 ./Drivers/STM32F4xx_HAL_Driver/Src/stm32f4xx_hal_cortex.o
                0x08001778                HAL_NVIC_SetPriority
 .text.HAL_NVIC_EnableIRQ
                0x080017b0       0x1c ./Drivers/STM32F4xx_HAL_Driver/Src/stm32f4xx_hal_cortex.o
                0x080017b0                HAL_NVIC_EnableIRQ
 .text.HAL_CRC_Init
                0x080017cc       0x38 ./Drivers/STM32F4xx_HAL_Driver/Src/stm32f4xx_hal_crc.o
                0x080017cc                HAL_CRC_Init
 .text.HAL_DMA2D_Init
                0x08001804       0x92 ./Drivers/STM32F4xx_HAL_Driver/Src/stm32f4xx_hal_dma2d.o
                0x08001804                HAL_DMA2D_Init
 .text.HAL_DMA2D_IRQHandler
                0x08001896      0x1f8 ./Drivers/STM32F4xx_HAL_Driver/Src/stm32f4xx_hal_dma2d.o
                0x08001896                HAL_DMA2D_IRQHandler
 .text.HAL_DMA2D_LineEventCallback
                0x08001a8e       0x14 ./Drivers/STM32F4xx_HAL_Driver/Src/stm32f4xx_hal_dma2d.o
                0x08001a8e                HAL_DMA2D_LineEventCallback
 .text.HAL_DMA2D_CLUTLoadingCpltCallback
                0x08001aa2       0x14 ./Drivers/STM32F4xx_HAL_Driver/Src/stm32f4xx_hal_dma2d.o
                0x08001aa2                HAL_DMA2D_CLUTLoadingCpltCallback
 *fill*         0x08001ab6        0x2 
 .text.HAL_DMA2D_ConfigLayer
                0x08001ab8      0x124 ./Drivers/STM32F4xx_HAL_Driver/Src/stm32f4xx_hal_dma2d.o
                0x08001ab8                HAL_DMA2D_ConfigLayer
 .text.HAL_GPIO_Init
                0x08001bdc      0x358 ./Drivers/STM32F4xx_HAL_Driver/Src/stm32f4xx_hal_gpio.o
                0x08001bdc                HAL_GPIO_Init
 .text.HAL_GPIO_WritePin
                0x08001f34       0x32 ./Drivers/STM32F4xx_HAL_Driver/Src/stm32f4xx_hal_gpio.o
                0x08001f34                HAL_GPIO_WritePin
 .text.HAL_HCD_IRQHandler
                0x08001f66      0x220 ./Drivers/STM32F4xx_HAL_Driver/Src/stm32f4xx_hal_hcd.o
                0x08001f66                HAL_HCD_IRQHandler
 .text.HAL_HCD_Stop
                0x08002186       0x3a ./Drivers/STM32F4xx_HAL_Driver/Src/stm32f4xx_hal_hcd.o
                0x08002186                HAL_HCD_Stop
 .text.HCD_HC_IN_IRQHandler
                0x080021c0      0xcd2 ./Drivers/STM32F4xx_HAL_Driver/Src/stm32f4xx_hal_hcd.o
 .text.HCD_HC_OUT_IRQHandler
                0x08002e92      0x97e ./Drivers/STM32F4xx_HAL_Driver/Src/stm32f4xx_hal_hcd.o
 .text.HCD_RXQLVL_IRQHandler
                0x08003810      0x1be ./Drivers/STM32F4xx_HAL_Driver/Src/stm32f4xx_hal_hcd.o
 .text.HCD_Port_IRQHandler
                0x080039ce       0xe6 ./Drivers/STM32F4xx_HAL_Driver/Src/stm32f4xx_hal_hcd.o
 .text.HAL_I2C_Init
                0x08003ab4      0x288 ./Drivers/STM32F4xx_HAL_Driver/Src/stm32f4xx_hal_i2c.o
                0x08003ab4                HAL_I2C_Init
 .text.HAL_I2CEx_ConfigAnalogFilter
                0x08003d3c       0x78 ./Drivers/STM32F4xx_HAL_Driver/Src/stm32f4xx_hal_i2c_ex.o
                0x08003d3c                HAL_I2CEx_ConfigAnalogFilter
 .text.HAL_I2CEx_ConfigDigitalFilter
                0x08003db4       0x7e ./Drivers/STM32F4xx_HAL_Driver/Src/stm32f4xx_hal_i2c_ex.o
                0x08003db4                HAL_I2CEx_ConfigDigitalFilter
 *fill*         0x08003e32        0x2 
 .text.HAL_LTDC_Init
                0x08003e34      0x1a0 ./Drivers/STM32F4xx_HAL_Driver/Src/stm32f4xx_hal_ltdc.o
                0x08003e34                HAL_LTDC_Init
 .text.HAL_LTDC_IRQHandler
                0x08003fd4      0x148 ./Drivers/STM32F4xx_HAL_Driver/Src/stm32f4xx_hal_ltdc.o
                0x08003fd4                HAL_LTDC_IRQHandler
 .text.HAL_LTDC_ErrorCallback
                0x0800411c       0x14 ./Drivers/STM32F4xx_HAL_Driver/Src/stm32f4xx_hal_ltdc.o
                0x0800411c                HAL_LTDC_ErrorCallback
 .text.HAL_LTDC_LineEventCallback
                0x08004130       0x14 ./Drivers/STM32F4xx_HAL_Driver/Src/stm32f4xx_hal_ltdc.o
                0x08004130                HAL_LTDC_LineEventCallback
 .text.HAL_LTDC_ReloadEventCallback
                0x08004144       0x14 ./Drivers/STM32F4xx_HAL_Driver/Src/stm32f4xx_hal_ltdc.o
                0x08004144                HAL_LTDC_ReloadEventCallback
 .text.HAL_LTDC_ConfigLayer
                0x08004158       0x7c ./Drivers/STM32F4xx_HAL_Driver/Src/stm32f4xx_hal_ltdc.o
                0x08004158                HAL_LTDC_ConfigLayer
 .text.LTDC_SetConfig
                0x080041d4      0x32e ./Drivers/STM32F4xx_HAL_Driver/Src/stm32f4xx_hal_ltdc.o
 *fill*         0x08004502        0x2 
 .text.HAL_RCC_OscConfig
                0x08004504      0x4f0 ./Drivers/STM32F4xx_HAL_Driver/Src/stm32f4xx_hal_rcc.o
                0x08004504                HAL_RCC_OscConfig
 .text.HAL_RCC_ClockConfig
                0x080049f4      0x1cc ./Drivers/STM32F4xx_HAL_Driver/Src/stm32f4xx_hal_rcc.o
                0x080049f4                HAL_RCC_ClockConfig
 .text.HAL_RCC_GetSysClockFreq
                0x08004bc0      0x20c ./Drivers/STM32F4xx_HAL_Driver/Src/stm32f4xx_hal_rcc.o
                0x08004bc0                HAL_RCC_GetSysClockFreq
 .text.HAL_RCC_GetHCLKFreq
                0x08004dcc       0x18 ./Drivers/STM32F4xx_HAL_Driver/Src/stm32f4xx_hal_rcc.o
                0x08004dcc                HAL_RCC_GetHCLKFreq
 .text.HAL_RCC_GetPCLK1Freq
                0x08004de4       0x28 ./Drivers/STM32F4xx_HAL_Driver/Src/stm32f4xx_hal_rcc.o
                0x08004de4                HAL_RCC_GetPCLK1Freq
 .text.HAL_RCC_GetPCLK2Freq
                0x08004e0c       0x28 ./Drivers/STM32F4xx_HAL_Driver/Src/stm32f4xx_hal_rcc.o
                0x08004e0c                HAL_RCC_GetPCLK2Freq
 .text.HAL_RCC_GetClockConfig
                0x08004e34       0x64 ./Drivers/STM32F4xx_HAL_Driver/Src/stm32f4xx_hal_rcc.o
                0x08004e34                HAL_RCC_GetClockConfig
 .text.HAL_RCCEx_PeriphCLKConfig
                0x08004e98      0x380 ./Drivers/STM32F4xx_HAL_Driver/Src/stm32f4xx_hal_rcc_ex.o
                0x08004e98                HAL_RCCEx_PeriphCLKConfig
 .text.HAL_SDRAM_Init
                0x08005218       0x68 ./Drivers/STM32F4xx_HAL_Driver/Src/stm32f4xx_hal_sdram.o
                0x08005218                HAL_SDRAM_Init
 .text.HAL_SPI_Init
                0x08005280      0x112 ./Drivers/STM32F4xx_HAL_Driver/Src/stm32f4xx_hal_spi.o
                0x08005280                HAL_SPI_Init
 .text.HAL_TIM_Base_Init
                0x08005392       0x9e ./Drivers/STM32F4xx_HAL_Driver/Src/stm32f4xx_hal_tim.o
                0x08005392                HAL_TIM_Base_Init
 .text.HAL_TIM_Base_Start_IT
                0x08005430       0xe0 ./Drivers/STM32F4xx_HAL_Driver/Src/stm32f4xx_hal_tim.o
                0x08005430                HAL_TIM_Base_Start_IT
 .text.HAL_TIM_IRQHandler
                0x08005510      0x1e0 ./Drivers/STM32F4xx_HAL_Driver/Src/stm32f4xx_hal_tim.o
                0x08005510                HAL_TIM_IRQHandler
 .text.HAL_TIM_ConfigClockSource
                0x080056f0      0x18e ./Drivers/STM32F4xx_HAL_Driver/Src/stm32f4xx_hal_tim.o
                0x080056f0                HAL_TIM_ConfigClockSource
 .text.HAL_TIM_OC_DelayElapsedCallback
                0x0800587e       0x14 ./Drivers/STM32F4xx_HAL_Driver/Src/stm32f4xx_hal_tim.o
                0x0800587e                HAL_TIM_OC_DelayElapsedCallback
 .text.HAL_TIM_IC_CaptureCallback
                0x08005892       0x14 ./Drivers/STM32F4xx_HAL_Driver/Src/stm32f4xx_hal_tim.o
                0x08005892                HAL_TIM_IC_CaptureCallback
 .text.HAL_TIM_PWM_PulseFinishedCallback
                0x080058a6       0x14 ./Drivers/STM32F4xx_HAL_Driver/Src/stm32f4xx_hal_tim.o
                0x080058a6                HAL_TIM_PWM_PulseFinishedCallback
 .text.HAL_TIM_TriggerCallback
                0x080058ba       0x14 ./Drivers/STM32F4xx_HAL_Driver/Src/stm32f4xx_hal_tim.o
                0x080058ba                HAL_TIM_TriggerCallback
 *fill*         0x080058ce        0x2 
 .text.TIM_Base_SetConfig
                0x080058d0      0x158 ./Drivers/STM32F4xx_HAL_Driver/Src/stm32f4xx_hal_tim.o
                0x080058d0                TIM_Base_SetConfig
 .text.TIM_TI1_ConfigInputStage
                0x08005a28       0x5e ./Drivers/STM32F4xx_HAL_Driver/Src/stm32f4xx_hal_tim.o
 .text.TIM_TI2_ConfigInputStage
                0x08005a86       0x60 ./Drivers/STM32F4xx_HAL_Driver/Src/stm32f4xx_hal_tim.o
 .text.TIM_ITRx_SetConfig
                0x08005ae6       0x36 ./Drivers/STM32F4xx_HAL_Driver/Src/stm32f4xx_hal_tim.o
 .text.TIM_ETR_SetConfig
                0x08005b1c       0x40 ./Drivers/STM32F4xx_HAL_Driver/Src/stm32f4xx_hal_tim.o
                0x08005b1c                TIM_ETR_SetConfig
 .text.HAL_TIMEx_MasterConfigSynchronization
                0x08005b5c       0xf8 ./Drivers/STM32F4xx_HAL_Driver/Src/stm32f4xx_hal_tim_ex.o
                0x08005b5c                HAL_TIMEx_MasterConfigSynchronization
 .text.HAL_TIMEx_CommutCallback
                0x08005c54       0x14 ./Drivers/STM32F4xx_HAL_Driver/Src/stm32f4xx_hal_tim_ex.o
                0x08005c54                HAL_TIMEx_CommutCallback
 .text.HAL_TIMEx_BreakCallback
                0x08005c68       0x14 ./Drivers/STM32F4xx_HAL_Driver/Src/stm32f4xx_hal_tim_ex.o
                0x08005c68                HAL_TIMEx_BreakCallback
 .text.HAL_UART_Init
                0x08005c7c       0xa0 ./Drivers/STM32F4xx_HAL_Driver/Src/stm32f4xx_hal_uart.o
                0x08005c7c                HAL_UART_Init
 .text.UART_SetConfig
                0x08005d1c      0x4e8 ./Drivers/STM32F4xx_HAL_Driver/Src/stm32f4xx_hal_uart.o
 .text.FMC_SDRAM_Init
                0x08006204       0xba ./Drivers/STM32F4xx_HAL_Driver/Src/stm32f4xx_ll_fmc.o
                0x08006204                FMC_SDRAM_Init
 .text.FMC_SDRAM_Timing_Init
                0x080062be       0xd2 ./Drivers/STM32F4xx_HAL_Driver/Src/stm32f4xx_ll_fmc.o
                0x080062be                FMC_SDRAM_Timing_Init
 .text.USB_EnableGlobalInt
                0x08006390       0x22 ./Drivers/STM32F4xx_HAL_Driver/Src/stm32f4xx_ll_usb.o
                0x08006390                USB_EnableGlobalInt
 .text.USB_DisableGlobalInt
                0x080063b2       0x22 ./Drivers/STM32F4xx_HAL_Driver/Src/stm32f4xx_ll_usb.o
                0x080063b2                USB_DisableGlobalInt
 .text.USB_FlushTxFifo
                0x080063d4       0x64 ./Drivers/STM32F4xx_HAL_Driver/Src/stm32f4xx_ll_usb.o
                0x080063d4                USB_FlushTxFifo
 .text.USB_FlushRxFifo
                0x08006438       0x5c ./Drivers/STM32F4xx_HAL_Driver/Src/stm32f4xx_ll_usb.o
                0x08006438                USB_FlushRxFifo
 .text.USB_ReadPacket
                0x08006494       0xb0 ./Drivers/STM32F4xx_HAL_Driver/Src/stm32f4xx_ll_usb.o
                0x08006494                USB_ReadPacket
 .text.USB_ReadInterrupts
                0x08006544       0x26 ./Drivers/STM32F4xx_HAL_Driver/Src/stm32f4xx_ll_usb.o
                0x08006544                USB_ReadInterrupts
 .text.USB_ReadChInterrupts
                0x0800656a       0x42 ./Drivers/STM32F4xx_HAL_Driver/Src/stm32f4xx_ll_usb.o
                0x0800656a                USB_ReadChInterrupts
 .text.USB_GetMode
                0x080065ac       0x1c ./Drivers/STM32F4xx_HAL_Driver/Src/stm32f4xx_ll_usb.o
                0x080065ac                USB_GetMode
 .text.USB_InitFSLSPClkSel
                0x080065c8       0x7a ./Drivers/STM32F4xx_HAL_Driver/Src/stm32f4xx_ll_usb.o
                0x080065c8                USB_InitFSLSPClkSel
 .text.USB_HC_ReadInterrupt
                0x08006642       0x22 ./Drivers/STM32F4xx_HAL_Driver/Src/stm32f4xx_ll_usb.o
                0x08006642                USB_HC_ReadInterrupt
 .text.USB_HC_Halt
                0x08006664      0x240 ./Drivers/STM32F4xx_HAL_Driver/Src/stm32f4xx_ll_usb.o
                0x08006664                USB_HC_Halt
 .text.USB_StopHost
                0x080068a4      0x124 ./Drivers/STM32F4xx_HAL_Driver/Src/stm32f4xx_ll_usb.o
                0x080068a4                USB_StopHost
 .text.USBH_LL_IncTimer
                0x080069c8       0x24 ./Middlewares/ST/STM32_USB_Host_Library/Core/Src/usbh_core.o
                0x080069c8                USBH_LL_IncTimer
 .text.USBH_HandleSof
                0x080069ec       0x30 ./Middlewares/ST/STM32_USB_Host_Library/Core/Src/usbh_core.o
 .text.USBH_LL_PortEnabled
                0x08006a1c       0x34 ./Middlewares/ST/STM32_USB_Host_Library/Core/Src/usbh_core.o
                0x08006a1c                USBH_LL_PortEnabled
 .text.USBH_LL_PortDisabled
                0x08006a50       0x1c ./Middlewares/ST/STM32_USB_Host_Library/Core/Src/usbh_core.o
                0x08006a50                USBH_LL_PortDisabled
 .text.USBH_LL_Connect
                0x08006a6c       0x46 ./Middlewares/ST/STM32_USB_Host_Library/Core/Src/usbh_core.o
                0x08006a6c                USBH_LL_Connect
 .text.USBH_LL_Disconnect
                0x08006ab2       0x64 ./Middlewares/ST/STM32_USB_Host_Library/Core/Src/usbh_core.o
                0x08006ab2                USBH_LL_Disconnect
 .text.USBH_LL_NotifyURBChange
                0x08006b16       0x2e ./Middlewares/ST/STM32_USB_Host_Library/Core/Src/usbh_core.o
                0x08006b16                USBH_LL_NotifyURBChange
 .text.USBH_FreePipe
                0x08006b44       0x3c ./Middlewares/ST/STM32_USB_Host_Library/Core/Src/usbh_pipes.o
                0x08006b44                USBH_FreePipe
 .text.inHandlerMode
                0x08006b80       0x24 ./Middlewares/Third_Party/FreeRTOS/Source/CMSIS_RTOS/cmsis_os.o
 .text.osMessagePut
                0x08006ba4       0x80 ./Middlewares/Third_Party/FreeRTOS/Source/CMSIS_RTOS/cmsis_os.o
                0x08006ba4                osMessagePut
 .text.vListInsertEnd
                0x08006c24       0x48 ./Middlewares/Third_Party/FreeRTOS/Source/list.o
                0x08006c24                vListInsertEnd
 .text.vListInsert
                0x08006c6c       0x72 ./Middlewares/Third_Party/FreeRTOS/Source/list.o
                0x08006c6c                vListInsert
 .text.uxListRemove
                0x08006cde       0x54 ./Middlewares/Third_Party/FreeRTOS/Source/list.o
                0x08006cde                uxListRemove
 *fill*         0x08006d32        0x2 
 .text.xQueueGenericSend
                0x08006d34      0x204 ./Middlewares/Third_Party/FreeRTOS/Source/queue.o
                0x08006d34                xQueueGenericSend
 .text.xQueueGenericSendFromISR
                0x08006f38      0x13c ./Middlewares/Third_Party/FreeRTOS/Source/queue.o
                0x08006f38                xQueueGenericSendFromISR
 .text.prvCopyDataToQueue
                0x08007074       0xd4 ./Middlewares/Third_Party/FreeRTOS/Source/queue.o
 .text.prvUnlockQueue
                0x08007148       0xa4 ./Middlewares/Third_Party/FreeRTOS/Source/queue.o
 .text.prvIsQueueFull
                0x080071ec       0x30 ./Middlewares/Third_Party/FreeRTOS/Source/queue.o
 .text.vTaskSuspendAll
                0x0800721c       0x1c ./Middlewares/Third_Party/FreeRTOS/Source/tasks.o
                0x0800721c                vTaskSuspendAll
 .text.xTaskResumeAll
                0x08007238      0x13c ./Middlewares/Third_Party/FreeRTOS/Source/tasks.o
                0x08007238                xTaskResumeAll
 .text.xTaskIncrementTick
                0x08007374      0x174 ./Middlewares/Third_Party/FreeRTOS/Source/tasks.o
                0x08007374                xTaskIncrementTick
 .text.vTaskSwitchContext
                0x080074e8      0x104 ./Middlewares/Third_Party/FreeRTOS/Source/tasks.o
                0x080074e8                vTaskSwitchContext
 .text.vTaskPlaceOnEventList
                0x080075ec       0x4c ./Middlewares/Third_Party/FreeRTOS/Source/tasks.o
                0x080075ec                vTaskPlaceOnEventList
 .text.xTaskRemoveFromEventList
                0x08007638       0xc8 ./Middlewares/Third_Party/FreeRTOS/Source/tasks.o
                0x08007638                xTaskRemoveFromEventList
 .text.vTaskInternalSetTimeOutState
                0x08007700       0x2c ./Middlewares/Third_Party/FreeRTOS/Source/tasks.o
                0x08007700                vTaskInternalSetTimeOutState
 .text.xTaskCheckForTimeOut
                0x0800772c       0xc8 ./Middlewares/Third_Party/FreeRTOS/Source/tasks.o
                0x0800772c                xTaskCheckForTimeOut
 .text.vTaskMissedYield
                0x080077f4       0x18 ./Middlewares/Third_Party/FreeRTOS/Source/tasks.o
                0x080077f4                vTaskMissedYield
 .text.prvResetNextTaskUnblockTime
                0x0800780c       0x40 ./Middlewares/Third_Party/FreeRTOS/Source/tasks.o
 .text.xTaskGetSchedulerState
                0x0800784c       0x3c ./Middlewares/Third_Party/FreeRTOS/Source/tasks.o
                0x0800784c                xTaskGetSchedulerState
 .text.xTaskPriorityDisinherit
                0x08007888      0x110 ./Middlewares/Third_Party/FreeRTOS/Source/tasks.o
                0x08007888                xTaskPriorityDisinherit
 .text.prvAddCurrentTaskToDelayedList
                0x08007998       0xcc ./Middlewares/Third_Party/FreeRTOS/Source/tasks.o
 *fill*         0x08007a64        0xc 
 .text.SVC_Handler
                0x08007a70       0x28 ./Middlewares/Third_Party/FreeRTOS/Source/portable/GCC/ARM_CM4F/port.o
                0x08007a70                SVC_Handler
 .text.vPortEnterCritical
                0x08007a98       0x64 ./Middlewares/Third_Party/FreeRTOS/Source/portable/GCC/ARM_CM4F/port.o
                0x08007a98                vPortEnterCritical
 .text.vPortExitCritical
                0x08007afc       0x54 ./Middlewares/Third_Party/FreeRTOS/Source/portable/GCC/ARM_CM4F/port.o
                0x08007afc                vPortExitCritical
 .text.PendSV_Handler
                0x08007b50       0x68 ./Middlewares/Third_Party/FreeRTOS/Source/portable/GCC/ARM_CM4F/port.o
                0x08007b50                PendSV_Handler
 .text.SysTick_Handler
                0x08007bb8       0x44 ./Middlewares/Third_Party/FreeRTOS/Source/portable/GCC/ARM_CM4F/port.o
                0x08007bb8                SysTick_Handler
 .text.vPortValidateInterruptPriority
                0x08007bfc       0x84 ./Middlewares/Third_Party/FreeRTOS/Source/portable/GCC/ARM_CM4F/port.o
                0x08007bfc                vPortValidateInterruptPriority
 .text.HAL_HCD_SOF_Callback
                0x08007c80       0x1c ./USB_HOST/Target/usbh_conf.o
                0x08007c80                HAL_HCD_SOF_Callback
 .text.HAL_HCD_Connect_Callback
                0x08007c9c       0x1c ./USB_HOST/Target/usbh_conf.o
                0x08007c9c                HAL_HCD_Connect_Callback
 .text.HAL_HCD_Disconnect_Callback
                0x08007cb8       0x1c ./USB_HOST/Target/usbh_conf.o
                0x08007cb8                HAL_HCD_Disconnect_Callback
 .text.HAL_HCD_HC_NotifyURBChange_Callback
                0x08007cd4       0x24 ./USB_HOST/Target/usbh_conf.o
                0x08007cd4                HAL_HCD_HC_NotifyURBChange_Callback
 .text.HAL_HCD_PortEnabled_Callback
                0x08007cf8       0x1c ./USB_HOST/Target/usbh_conf.o
                0x08007cf8                HAL_HCD_PortEnabled_Callback
 .text.HAL_HCD_PortDisabled_Callback
                0x08007d14       0x1c ./USB_HOST/Target/usbh_conf.o
                0x08007d14                HAL_HCD_PortDisabled_Callback
 .text.USBH_LL_Stop
                0x08007d30       0x36 ./USB_HOST/Target/usbh_conf.o
                0x08007d30                USBH_LL_Stop
 *fill*         0x08007d66        0x2 
 .text.USBH_Get_USB_Status
                0x08007d68       0x58 ./USB_HOST/Target/usbh_conf.o
                0x08007d68                USBH_Get_USB_Status
 .text.memset   0x08007dc0       0x10 C:/ST/STM32CubeIDE_1.17.0/STM32CubeIDE/plugins/com.st.stm32cube.ide.mcu.externaltools.gnu-tools-for-stm32.12.3.rel1.win32_1.1.0.202410251130/tools/bin/../lib/gcc/arm-none-eabi/12.3.1/../../../../arm-none-eabi/lib/thumb/v7e-m+fp/hard\libc_nano.a(libc_a-memset.o)
                0x08007dc0                memset
 .text.__libc_init_array
                0x08007dd0       0x48 C:/ST/STM32CubeIDE_1.17.0/STM32CubeIDE/plugins/com.st.stm32cube.ide.mcu.externaltools.gnu-tools-for-stm32.12.3.rel1.win32_1.1.0.202410251130/tools/bin/../lib/gcc/arm-none-eabi/12.3.1/../../../../arm-none-eabi/lib/thumb/v7e-m+fp/hard\libc_nano.a(libc_a-init.o)
                0x08007dd0                __libc_init_array
 .text.memcpy   0x08007e18       0x1c C:/ST/STM32CubeIDE_1.17.0/STM32CubeIDE/plugins/com.st.stm32cube.ide.mcu.externaltools.gnu-tools-for-stm32.12.3.rel1.win32_1.1.0.202410251130/tools/bin/../lib/gcc/arm-none-eabi/12.3.1/../../../../arm-none-eabi/lib/thumb/v7e-m+fp/hard\libc_nano.a(libc_a-memcpy-stub.o)
                0x08007e18                memcpy
 *(.glue_7)
 .glue_7        0x08007e34        0x0 linker stubs
 *(.glue_7t)
 .glue_7t       0x08007e34        0x0 linker stubs
 *(.eh_frame)
 .eh_frame      0x08007e34        0x0 C:/ST/STM32CubeIDE_1.17.0/STM32CubeIDE/plugins/com.st.stm32cube.ide.mcu.externaltools.gnu-tools-for-stm32.12.3.rel1.win32_1.1.0.202410251130/tools/bin/../lib/gcc/arm-none-eabi/12.3.1/thumb/v7e-m+fp/hard/crtbegin.o
 *(.init)
 .init          0x08007e34        0x4 C:/ST/STM32CubeIDE_1.17.0/STM32CubeIDE/plugins/com.st.stm32cube.ide.mcu.externaltools.gnu-tools-for-stm32.12.3.rel1.win32_1.1.0.202410251130/tools/bin/../lib/gcc/arm-none-eabi/12.3.1/thumb/v7e-m+fp/hard/crti.o
                0x08007e34                _init
 .init          0x08007e38        0x8 C:/ST/STM32CubeIDE_1.17.0/STM32CubeIDE/plugins/com.st.stm32cube.ide.mcu.externaltools.gnu-tools-for-stm32.12.3.rel1.win32_1.1.0.202410251130/tools/bin/../lib/gcc/arm-none-eabi/12.3.1/thumb/v7e-m+fp/hard/crtn.o
 *(.fini)
 .fini          0x08007e40        0x4 C:/ST/STM32CubeIDE_1.17.0/STM32CubeIDE/plugins/com.st.stm32cube.ide.mcu.externaltools.gnu-tools-for-stm32.12.3.rel1.win32_1.1.0.202410251130/tools/bin/../lib/gcc/arm-none-eabi/12.3.1/thumb/v7e-m+fp/hard/crti.o
                0x08007e40                _fini
 .fini          0x08007e44        0x8 C:/ST/STM32CubeIDE_1.17.0/STM32CubeIDE/plugins/com.st.stm32cube.ide.mcu.externaltools.gnu-tools-for-stm32.12.3.rel1.win32_1.1.0.202410251130/tools/bin/../lib/gcc/arm-none-eabi/12.3.1/thumb/v7e-m+fp/hard/crtn.o
                0x08007e4c                        . = ALIGN (0x4)
                0x08007e4c                        _etext = .

.vfp11_veneer   0x08007e4c        0x0
 .vfp11_veneer  0x08007e4c        0x0 linker stubs

.v4_bx          0x08007e4c        0x0
 .v4_bx         0x08007e4c        0x0 linker stubs

.iplt           0x08007e4c        0x0
 .iplt          0x08007e4c        0x0 C:/ST/STM32CubeIDE_1.17.0/STM32CubeIDE/plugins/com.st.stm32cube.ide.mcu.externaltools.gnu-tools-for-stm32.12.3.rel1.win32_1.1.0.202410251130/tools/bin/../lib/gcc/arm-none-eabi/12.3.1/thumb/v7e-m+fp/hard/crtbegin.o

.rodata         0x08007e4c       0x18
                0x08007e4c                        . = ALIGN (0x4)
 *(.rodata)
 *(.rodata*)
 .rodata.AHBPrescTable
                0x08007e4c       0x10 ./Core/Src/system_stm32f4xx.o
                0x08007e4c                AHBPrescTable
 .rodata.APBPrescTable
                0x08007e5c        0x8 ./Core/Src/system_stm32f4xx.o
                0x08007e5c                APBPrescTable
                0x08007e64                        . = ALIGN (0x4)

.ARM.extab      0x08007e64        0x0
                0x08007e64                        . = ALIGN (0x4)
 *(.ARM.extab* .gnu.linkonce.armextab.*)
                0x08007e64                        . = ALIGN (0x4)

.ARM            0x08007e64        0x8
                0x08007e64                        . = ALIGN (0x4)
                0x08007e64                        __exidx_start = .
 *(.ARM.exidx*)
 .ARM.exidx     0x08007e64        0x8 C:/ST/STM32CubeIDE_1.17.0/STM32CubeIDE/plugins/com.st.stm32cube.ide.mcu.externaltools.gnu-tools-for-stm32.12.3.rel1.win32_1.1.0.202410251130/tools/bin/../lib/gcc/arm-none-eabi/12.3.1/thumb/v7e-m+fp/hard\libgcc.a(_udivmoddi4.o)
                0x08007e6c                        __exidx_end = .
                0x08007e6c                        . = ALIGN (0x4)

.preinit_array  0x08007e6c        0x0
                0x08007e6c                        . = ALIGN (0x4)
                0x08007e6c                        PROVIDE (__preinit_array_start = .)
 *(.preinit_array*)
                0x08007e6c                        PROVIDE (__preinit_array_end = .)
                0x08007e6c                        . = ALIGN (0x4)

.init_array     0x08007e6c        0x4
                0x08007e6c                        . = ALIGN (0x4)
                0x08007e6c                        PROVIDE (__init_array_start = .)
 *(SORT_BY_NAME(.init_array.*))
 *(.init_array*)
 .init_array    0x08007e6c        0x4 C:/ST/STM32CubeIDE_1.17.0/STM32CubeIDE/plugins/com.st.stm32cube.ide.mcu.externaltools.gnu-tools-for-stm32.12.3.rel1.win32_1.1.0.202410251130/tools/bin/../lib/gcc/arm-none-eabi/12.3.1/thumb/v7e-m+fp/hard/crtbegin.o
                0x08007e70                        PROVIDE (__init_array_end = .)
                0x08007e70                        . = ALIGN (0x4)

.fini_array     0x08007e70        0x4
                0x08007e70                        . = ALIGN (0x4)
                [!provide]                        PROVIDE (__fini_array_start = .)
 *(SORT_BY_NAME(.fini_array.*))
 *(.fini_array*)
 .fini_array    0x08007e70        0x4 C:/ST/STM32CubeIDE_1.17.0/STM32CubeIDE/plugins/com.st.stm32cube.ide.mcu.externaltools.gnu-tools-for-stm32.12.3.rel1.win32_1.1.0.202410251130/tools/bin/../lib/gcc/arm-none-eabi/12.3.1/thumb/v7e-m+fp/hard/crtbegin.o
                [!provide]                        PROVIDE (__fini_array_end = .)
                0x08007e74                        . = ALIGN (0x4)
                0x08007e74                        _sidata = LOADADDR (.data)

.rel.dyn        0x08007e74        0x0
 .rel.iplt      0x08007e74        0x0 C:/ST/STM32CubeIDE_1.17.0/STM32CubeIDE/plugins/com.st.stm32cube.ide.mcu.externaltools.gnu-tools-for-stm32.12.3.rel1.win32_1.1.0.202410251130/tools/bin/../lib/gcc/arm-none-eabi/12.3.1/thumb/v7e-m+fp/hard/crtbegin.o

.data           0x20000000       0x10 load address 0x08007e74
                0x20000000                        . = ALIGN (0x4)
                0x20000000                        _sdata = .
 *(.data)
 *(.data*)
 .data.SystemCoreClock
                0x20000000        0x4 ./Core/Src/system_stm32f4xx.o
                0x20000000                SystemCoreClock
 .data.uwTickPrio
                0x20000004        0x4 ./Drivers/STM32F4xx_HAL_Driver/Src/stm32f4xx_hal.o
                0x20000004                uwTickPrio
 .data.uwTickFreq
                0x20000008        0x1 ./Drivers/STM32F4xx_HAL_Driver/Src/stm32f4xx_hal.o
                0x20000008                uwTickFreq
 *fill*         0x20000009        0x3 
 .data.uxCriticalNesting
                0x2000000c        0x4 ./Middlewares/Third_Party/FreeRTOS/Source/portable/GCC/ARM_CM4F/port.o
 *(.RamFunc)
 *(.RamFunc*)
                0x20000010                        . = ALIGN (0x4)
                0x20000010                        _edata = .
                0x08007e84                        _siccmram = LOADADDR (.ccmram)

.igot.plt       0x20000010        0x0 load address 0x08007e84
 .igot.plt      0x20000010        0x0 C:/ST/STM32CubeIDE_1.17.0/STM32CubeIDE/plugins/com.st.stm32cube.ide.mcu.externaltools.gnu-tools-for-stm32.12.3.rel1.win32_1.1.0.202410251130/tools/bin/../lib/gcc/arm-none-eabi/12.3.1/thumb/v7e-m+fp/hard/crtbegin.o

.ccmram         0x10000000        0x0 load address 0x08007e84
                0x10000000                        . = ALIGN (0x4)
                0x10000000                        _sccmram = .
 *(.ccmram)
 *(.ccmram*)
                0x10000000                        . = ALIGN (0x4)
                0x10000000                        _eccmram = .
                0x10000000                        . = ALIGN (0x4)

.bss            0x20000010      0x798
                0x20000010                        _sbss = .
                0x20000010                        __bss_start__ = _sbss
 *(.bss)
 .bss           0x20000010       0x1c C:/ST/STM32CubeIDE_1.17.0/STM32CubeIDE/plugins/com.st.stm32cube.ide.mcu.externaltools.gnu-tools-for-stm32.12.3.rel1.win32_1.1.0.202410251130/tools/bin/../lib/gcc/arm-none-eabi/12.3.1/thumb/v7e-m+fp/hard/crtbegin.o
 *(.bss*)
 .bss.hcrc      0x2000002c        0x8 ./Core/Src/main.o
                0x2000002c                hcrc
 .bss.hdma2d    0x20000034       0x40 ./Core/Src/main.o
                0x20000034                hdma2d
 .bss.hi2c3     0x20000074       0x54 ./Core/Src/main.o
                0x20000074                hi2c3
 .bss.hltdc     0x200000c8       0xa8 ./Core/Src/main.o
                0x200000c8                hltdc
 .bss.hspi5     0x20000170       0x58 ./Core/Src/main.o
                0x20000170                hspi5
 .bss.htim1     0x200001c8       0x48 ./Core/Src/main.o
                0x200001c8                htim1
 .bss.huart1    0x20000210       0x48 ./Core/Src/main.o
                0x20000210                huart1
 .bss.hsdram1   0x20000258       0x34 ./Core/Src/main.o
                0x20000258                hsdram1
 .bss.FMC_Initialized
                0x2000028c        0x4 ./Core/Src/stm32f4xx_hal_msp.o
 .bss.htim6     0x20000290       0x48 ./Core/Src/stm32f4xx_hal_timebase_tim.o
                0x20000290                htim6
 .bss.uwTick    0x200002d8        0x4 ./Drivers/STM32F4xx_HAL_Driver/Src/stm32f4xx_hal.o
                0x200002d8                uwTick
 .bss.pxCurrentTCB
                0x200002dc        0x4 ./Middlewares/Third_Party/FreeRTOS/Source/tasks.o
                0x200002dc                pxCurrentTCB
 .bss.pxReadyTasksLists
                0x200002e0       0x8c ./Middlewares/Third_Party/FreeRTOS/Source/tasks.o
 .bss.pxDelayedTaskList
                0x2000036c        0x4 ./Middlewares/Third_Party/FreeRTOS/Source/tasks.o
 .bss.pxOverflowDelayedTaskList
                0x20000370        0x4 ./Middlewares/Third_Party/FreeRTOS/Source/tasks.o
 .bss.xPendingReadyList
                0x20000374       0x14 ./Middlewares/Third_Party/FreeRTOS/Source/tasks.o
 .bss.xSuspendedTaskList
                0x20000388       0x14 ./Middlewares/Third_Party/FreeRTOS/Source/tasks.o
 .bss.uxCurrentNumberOfTasks
                0x2000039c        0x4 ./Middlewares/Third_Party/FreeRTOS/Source/tasks.o
 .bss.xTickCount
                0x200003a0        0x4 ./Middlewares/Third_Party/FreeRTOS/Source/tasks.o
 .bss.uxTopReadyPriority
                0x200003a4        0x4 ./Middlewares/Third_Party/FreeRTOS/Source/tasks.o
 .bss.xSchedulerRunning
                0x200003a8        0x4 ./Middlewares/Third_Party/FreeRTOS/Source/tasks.o
 .bss.xPendedTicks
                0x200003ac        0x4 ./Middlewares/Third_Party/FreeRTOS/Source/tasks.o
 .bss.xYieldPending
                0x200003b0        0x4 ./Middlewares/Third_Party/FreeRTOS/Source/tasks.o
 .bss.xNumOfOverflows
                0x200003b4        0x4 ./Middlewares/Third_Party/FreeRTOS/Source/tasks.o
 .bss.xNextTaskUnblockTime
                0x200003b8        0x4 ./Middlewares/Third_Party/FreeRTOS/Source/tasks.o
 .bss.uxSchedulerSuspended
                0x200003bc        0x4 ./Middlewares/Third_Party/FreeRTOS/Source/tasks.o
 .bss.ucMaxSysCallPriority
                0x200003c0        0x1 ./Middlewares/Third_Party/FreeRTOS/Source/portable/GCC/ARM_CM4F/port.o
 *fill*         0x200003c1        0x3 
 .bss.ulMaxPRIGROUPValue
                0x200003c4        0x4 ./Middlewares/Third_Party/FreeRTOS/Source/portable/GCC/ARM_CM4F/port.o
 .bss.hhcd_USB_OTG_HS
                0x200003c8      0x3e0 ./USB_HOST/Target/usbh_conf.o
                0x200003c8                hhcd_USB_OTG_HS
 *(COMMON)
                0x200007a8                        . = ALIGN (0x4)
                0x200007a8                        _ebss = .
                0x200007a8                        __bss_end__ = _ebss

._user_heap_stack
                0x200007a8      0x600
                0x200007a8                        . = ALIGN (0x8)
                [!provide]                        PROVIDE (end = .)
                0x200007a8                        PROVIDE (_end = .)
                0x200009a8                        . = (. + _Min_Heap_Size)
 *fill*         0x200007a8      0x200 
                0x20000da8                        . = (. + _Min_Stack_Size)
 *fill*         0x200009a8      0x400 
                0x20000da8                        . = ALIGN (0x8)

/DISCARD/
 libc.a(*)
 libm.a(*)
 libgcc.a(*)

.ARM.attributes
                0x00000000       0x30
 *(.ARM.attributes)
 .ARM.attributes
                0x00000000       0x22 C:/ST/STM32CubeIDE_1.17.0/STM32CubeIDE/plugins/com.st.stm32cube.ide.mcu.externaltools.gnu-tools-for-stm32.12.3.rel1.win32_1.1.0.202410251130/tools/bin/../lib/gcc/arm-none-eabi/12.3.1/thumb/v7e-m+fp/hard/crti.o
 .ARM.attributes
                0x00000022       0x34 C:/ST/STM32CubeIDE_1.17.0/STM32CubeIDE/plugins/com.st.stm32cube.ide.mcu.externaltools.gnu-tools-for-stm32.12.3.rel1.win32_1.1.0.202410251130/tools/bin/../lib/gcc/arm-none-eabi/12.3.1/thumb/v7e-m+fp/hard/crtbegin.o
 .ARM.attributes
                0x00000056       0x34 ./Core/Src/freertos.o
 .ARM.attributes
                0x0000008a       0x34 ./Core/Src/main.o
 .ARM.attributes
                0x000000be       0x34 ./Core/Src/stm32f4xx_hal_msp.o
 .ARM.attributes
                0x000000f2       0x34 ./Core/Src/stm32f4xx_hal_timebase_tim.o
 .ARM.attributes
                0x00000126       0x34 ./Core/Src/stm32f4xx_it.o
 .ARM.attributes
                0x0000015a       0x34 ./Core/Src/system_stm32f4xx.o
 .ARM.attributes
                0x0000018e       0x21 ./Core/Startup/startup_stm32f429zitx.o
 .ARM.attributes
                0x000001af       0x34 ./Drivers/STM32F4xx_HAL_Driver/Src/stm32f4xx_hal.o
 .ARM.attributes
                0x000001e3       0x34 ./Drivers/STM32F4xx_HAL_Driver/Src/stm32f4xx_hal_cortex.o
 .ARM.attributes
                0x00000217       0x34 ./Drivers/STM32F4xx_HAL_Driver/Src/stm32f4xx_hal_crc.o
 .ARM.attributes
                0x0000024b       0x34 ./Drivers/STM32F4xx_HAL_Driver/Src/stm32f4xx_hal_dma2d.o
 .ARM.attributes
                0x0000027f       0x34 ./Drivers/STM32F4xx_HAL_Driver/Src/stm32f4xx_hal_gpio.o
 .ARM.attributes
                0x000002b3       0x34 ./Drivers/STM32F4xx_HAL_Driver/Src/stm32f4xx_hal_hcd.o
 .ARM.attributes
                0x000002e7       0x34 ./Drivers/STM32F4xx_HAL_Driver/Src/stm32f4xx_hal_i2c.o
 .ARM.attributes
                0x0000031b       0x34 ./Drivers/STM32F4xx_HAL_Driver/Src/stm32f4xx_hal_i2c_ex.o
 .ARM.attributes
                0x0000034f       0x34 ./Drivers/STM32F4xx_HAL_Driver/Src/stm32f4xx_hal_ltdc.o
 .ARM.attributes
                0x00000383       0x34 ./Drivers/STM32F4xx_HAL_Driver/Src/stm32f4xx_hal_rcc.o
 .ARM.attributes
                0x000003b7       0x34 ./Drivers/STM32F4xx_HAL_Driver/Src/stm32f4xx_hal_rcc_ex.o
 .ARM.attributes
                0x000003eb       0x34 ./Drivers/STM32F4xx_HAL_Driver/Src/stm32f4xx_hal_sdram.o
 .ARM.attributes
                0x0000041f       0x34 ./Drivers/STM32F4xx_HAL_Driver/Src/stm32f4xx_hal_spi.o
 .ARM.attributes
                0x00000453       0x34 ./Drivers/STM32F4xx_HAL_Driver/Src/stm32f4xx_hal_tim.o
 .ARM.attributes
                0x00000487       0x34 ./Drivers/STM32F4xx_HAL_Driver/Src/stm32f4xx_hal_tim_ex.o
 .ARM.attributes
                0x000004bb       0x34 ./Drivers/STM32F4xx_HAL_Driver/Src/stm32f4xx_hal_uart.o
 .ARM.attributes
                0x000004ef       0x34 ./Drivers/STM32F4xx_HAL_Driver/Src/stm32f4xx_ll_fmc.o
 .ARM.attributes
                0x00000523       0x34 ./Drivers/STM32F4xx_HAL_Driver/Src/stm32f4xx_ll_usb.o
 .ARM.attributes
                0x00000557       0x34 ./Middlewares/ST/STM32_USB_Host_Library/Core/Src/usbh_core.o
 .ARM.attributes
                0x0000058b       0x34 ./Middlewares/ST/STM32_USB_Host_Library/Core/Src/usbh_pipes.o
 .ARM.attributes
                0x000005bf       0x34 ./Middlewares/Third_Party/FreeRTOS/Source/CMSIS_RTOS/cmsis_os.o
 .ARM.attributes
                0x000005f3       0x34 ./Middlewares/Third_Party/FreeRTOS/Source/list.o
 .ARM.attributes
                0x00000627       0x34 ./Middlewares/Third_Party/FreeRTOS/Source/queue.o
 .ARM.attributes
                0x0000065b       0x34 ./Middlewares/Third_Party/FreeRTOS/Source/tasks.o
 .ARM.attributes
                0x0000068f       0x34 ./Middlewares/Third_Party/FreeRTOS/Source/portable/GCC/ARM_CM4F/port.o
 .ARM.attributes
                0x000006c3       0x34 ./USB_HOST/Target/usbh_conf.o
 .ARM.attributes
                0x000006f7       0x34 C:/ST/STM32CubeIDE_1.17.0/STM32CubeIDE/plugins/com.st.stm32cube.ide.mcu.externaltools.gnu-tools-for-stm32.12.3.rel1.win32_1.1.0.202410251130/tools/bin/../lib/gcc/arm-none-eabi/12.3.1/../../../../arm-none-eabi/lib/thumb/v7e-m+fp/hard\libc_nano.a(libc_a-memset.o)
 .ARM.attributes
                0x0000072b       0x34 C:/ST/STM32CubeIDE_1.17.0/STM32CubeIDE/plugins/com.st.stm32cube.ide.mcu.externaltools.gnu-tools-for-stm32.12.3.rel1.win32_1.1.0.202410251130/tools/bin/../lib/gcc/arm-none-eabi/12.3.1/../../../../arm-none-eabi/lib/thumb/v7e-m+fp/hard\libc_nano.a(libc_a-init.o)
 .ARM.attributes
                0x0000075f       0x34 C:/ST/STM32CubeIDE_1.17.0/STM32CubeIDE/plugins/com.st.stm32cube.ide.mcu.externaltools.gnu-tools-for-stm32.12.3.rel1.win32_1.1.0.202410251130/tools/bin/../lib/gcc/arm-none-eabi/12.3.1/../../../../arm-none-eabi/lib/thumb/v7e-m+fp/hard\libc_nano.a(libc_a-memcpy-stub.o)
 .ARM.attributes
                0x00000793       0x22 C:/ST/STM32CubeIDE_1.17.0/STM32CubeIDE/plugins/com.st.stm32cube.ide.mcu.externaltools.gnu-tools-for-stm32.12.3.rel1.win32_1.1.0.202410251130/tools/bin/../lib/gcc/arm-none-eabi/12.3.1/thumb/v7e-m+fp/hard\libgcc.a(_aeabi_uldivmod.o)
 .ARM.attributes
                0x000007b5       0x34 C:/ST/STM32CubeIDE_1.17.0/STM32CubeIDE/plugins/com.st.stm32cube.ide.mcu.externaltools.gnu-tools-for-stm32.12.3.rel1.win32_1.1.0.202410251130/tools/bin/../lib/gcc/arm-none-eabi/12.3.1/thumb/v7e-m+fp/hard\libgcc.a(_udivmoddi4.o)
 .ARM.attributes
                0x000007e9       0x22 C:/ST/STM32CubeIDE_1.17.0/STM32CubeIDE/plugins/com.st.stm32cube.ide.mcu.externaltools.gnu-tools-for-stm32.12.3.rel1.win32_1.1.0.202410251130/tools/bin/../lib/gcc/arm-none-eabi/12.3.1/thumb/v7e-m+fp/hard\libgcc.a(_dvmd_tls.o)
 .ARM.attributes
                0x0000080b       0x22 C:/ST/STM32CubeIDE_1.17.0/STM32CubeIDE/plugins/com.st.stm32cube.ide.mcu.externaltools.gnu-tools-for-stm32.12.3.rel1.win32_1.1.0.202410251130/tools/bin/../lib/gcc/arm-none-eabi/12.3.1/thumb/v7e-m+fp/hard/crtn.o
OUTPUT(led.elf elf32-littlearm)
LOAD linker stubs
LOAD C:/ST/STM32CubeIDE_1.17.0/STM32CubeIDE/plugins/com.st.stm32cube.ide.mcu.externaltools.gnu-tools-for-stm32.12.3.rel1.win32_1.1.0.202410251130/tools/bin/../lib/gcc/arm-none-eabi/12.3.1/../../../../arm-none-eabi/lib/thumb/v7e-m+fp/hard\libc.a
LOAD C:/ST/STM32CubeIDE_1.17.0/STM32CubeIDE/plugins/com.st.stm32cube.ide.mcu.externaltools.gnu-tools-for-stm32.12.3.rel1.win32_1.1.0.202410251130/tools/bin/../lib/gcc/arm-none-eabi/12.3.1/../../../../arm-none-eabi/lib/thumb/v7e-m+fp/hard\libm.a
LOAD C:/ST/STM32CubeIDE_1.17.0/STM32CubeIDE/plugins/com.st.stm32cube.ide.mcu.externaltools.gnu-tools-for-stm32.12.3.rel1.win32_1.1.0.202410251130/tools/bin/../lib/gcc/arm-none-eabi/12.3.1/thumb/v7e-m+fp/hard\libgcc.a

.debug_info     0x00000000    0x24f8a
 .debug_info    0x00000000      0x2f5 ./Core/Src/freertos.o
 .debug_info    0x000002f5     0x24e9 ./Core/Src/main.o
 .debug_info    0x000027de     0x22cf ./Core/Src/stm32f4xx_hal_msp.o
 .debug_info    0x00004aad      0xc40 ./Core/Src/stm32f4xx_hal_timebase_tim.o
 .debug_info    0x000056ed     0x12cf ./Core/Src/stm32f4xx_it.o
 .debug_info    0x000069bc      0x52e ./Core/Src/system_stm32f4xx.o
 .debug_info    0x00006eea       0x30 ./Core/Startup/startup_stm32f429zitx.o
 .debug_info    0x00006f1a      0x9ba ./Drivers/STM32F4xx_HAL_Driver/Src/stm32f4xx_hal.o
 .debug_info    0x000078d4      0xdc2 ./Drivers/STM32F4xx_HAL_Driver/Src/stm32f4xx_hal_cortex.o
 .debug_info    0x00008696      0x37f ./Drivers/STM32F4xx_HAL_Driver/Src/stm32f4xx_hal_crc.o
 .debug_info    0x00008a15      0xe6e ./Drivers/STM32F4xx_HAL_Driver/Src/stm32f4xx_hal_dma2d.o
 .debug_info    0x00009883      0x6db ./Drivers/STM32F4xx_HAL_Driver/Src/stm32f4xx_hal_gpio.o
 .debug_info    0x00009f5e     0x114c ./Drivers/STM32F4xx_HAL_Driver/Src/stm32f4xx_hal_hcd.o
 .debug_info    0x0000b0aa     0x2421 ./Drivers/STM32F4xx_HAL_Driver/Src/stm32f4xx_hal_i2c.o
 .debug_info    0x0000d4cb      0x672 ./Drivers/STM32F4xx_HAL_Driver/Src/stm32f4xx_hal_i2c_ex.o
 .debug_info    0x0000db3d     0x1022 ./Drivers/STM32F4xx_HAL_Driver/Src/stm32f4xx_hal_ltdc.o
 .debug_info    0x0000eb5f      0x8c7 ./Drivers/STM32F4xx_HAL_Driver/Src/stm32f4xx_hal_rcc.o
 .debug_info    0x0000f426      0x64c ./Drivers/STM32F4xx_HAL_Driver/Src/stm32f4xx_hal_rcc_ex.o
 .debug_info    0x0000fa72      0xeb4 ./Drivers/STM32F4xx_HAL_Driver/Src/stm32f4xx_hal_sdram.o
 .debug_info    0x00010926     0x1525 ./Drivers/STM32F4xx_HAL_Driver/Src/stm32f4xx_hal_spi.o
 .debug_info    0x00011e4b     0x299d ./Drivers/STM32F4xx_HAL_Driver/Src/stm32f4xx_hal_tim.o
 .debug_info    0x000147e8     0x14db ./Drivers/STM32F4xx_HAL_Driver/Src/stm32f4xx_hal_tim_ex.o
 .debug_info    0x00015cc3     0x2f4f ./Drivers/STM32F4xx_HAL_Driver/Src/stm32f4xx_hal_uart.o
 .debug_info    0x00018c12      0xe08 ./Drivers/STM32F4xx_HAL_Driver/Src/stm32f4xx_ll_fmc.o
 .debug_info    0x00019a1a     0x1993 ./Drivers/STM32F4xx_HAL_Driver/Src/stm32f4xx_ll_usb.o
 .debug_info    0x0001b3ad     0x16f5 ./Middlewares/ST/STM32_USB_Host_Library/Core/Src/usbh_core.o
 .debug_info    0x0001caa2      0xb0a ./Middlewares/ST/STM32_USB_Host_Library/Core/Src/usbh_pipes.o
 .debug_info    0x0001d5ac     0x1bfc ./Middlewares/Third_Party/FreeRTOS/Source/CMSIS_RTOS/cmsis_os.o
 .debug_info    0x0001f1a8      0x2af ./Middlewares/Third_Party/FreeRTOS/Source/list.o
 .debug_info    0x0001f457     0x19b5 ./Middlewares/Third_Party/FreeRTOS/Source/queue.o
 .debug_info    0x00020e0c     0x1ee2 ./Middlewares/Third_Party/FreeRTOS/Source/tasks.o
 .debug_info    0x00022cee      0x4de ./Middlewares/Third_Party/FreeRTOS/Source/portable/GCC/ARM_CM4F/port.o
 .debug_info    0x000231cc     0x1dbe ./USB_HOST/Target/usbh_conf.o

.debug_abbrev   0x00000000     0x4d88
 .debug_abbrev  0x00000000       0xf6 ./Core/Src/freertos.o
 .debug_abbrev  0x000000f6      0x333 ./Core/Src/main.o
 .debug_abbrev  0x00000429      0x2d5 ./Core/Src/stm32f4xx_hal_msp.o
 .debug_abbrev  0x000006fe      0x1f4 ./Core/Src/stm32f4xx_hal_timebase_tim.o
 .debug_abbrev  0x000008f2      0x1d7 ./Core/Src/stm32f4xx_it.o
 .debug_abbrev  0x00000ac9      0x11a ./Core/Src/system_stm32f4xx.o
 .debug_abbrev  0x00000be3       0x24 ./Core/Startup/startup_stm32f429zitx.o
 .debug_abbrev  0x00000c07      0x214 ./Drivers/STM32F4xx_HAL_Driver/Src/stm32f4xx_hal.o
 .debug_abbrev  0x00000e1b      0x31d ./Drivers/STM32F4xx_HAL_Driver/Src/stm32f4xx_hal_cortex.o
 .debug_abbrev  0x00001138      0x1b1 ./Drivers/STM32F4xx_HAL_Driver/Src/stm32f4xx_hal_crc.o
 .debug_abbrev  0x000012e9      0x23e ./Drivers/STM32F4xx_HAL_Driver/Src/stm32f4xx_hal_dma2d.o
 .debug_abbrev  0x00001527      0x1d4 ./Drivers/STM32F4xx_HAL_Driver/Src/stm32f4xx_hal_gpio.o
 .debug_abbrev  0x000016fb      0x296 ./Drivers/STM32F4xx_HAL_Driver/Src/stm32f4xx_hal_hcd.o
 .debug_abbrev  0x00001991      0x2ad ./Drivers/STM32F4xx_HAL_Driver/Src/stm32f4xx_hal_i2c.o
 .debug_abbrev  0x00001c3e      0x157 ./Drivers/STM32F4xx_HAL_Driver/Src/stm32f4xx_hal_i2c_ex.o
 .debug_abbrev  0x00001d95      0x233 ./Drivers/STM32F4xx_HAL_Driver/Src/stm32f4xx_hal_ltdc.o
 .debug_abbrev  0x00001fc8      0x2b7 ./Drivers/STM32F4xx_HAL_Driver/Src/stm32f4xx_hal_rcc.o
 .debug_abbrev  0x0000227f      0x1b0 ./Drivers/STM32F4xx_HAL_Driver/Src/stm32f4xx_hal_rcc_ex.o
 .debug_abbrev  0x0000242f      0x240 ./Drivers/STM32F4xx_HAL_Driver/Src/stm32f4xx_hal_sdram.o
 .debug_abbrev  0x0000266f      0x27a ./Drivers/STM32F4xx_HAL_Driver/Src/stm32f4xx_hal_spi.o
 .debug_abbrev  0x000028e9      0x278 ./Drivers/STM32F4xx_HAL_Driver/Src/stm32f4xx_hal_tim.o
 .debug_abbrev  0x00002b61      0x283 ./Drivers/STM32F4xx_HAL_Driver/Src/stm32f4xx_hal_tim_ex.o
 .debug_abbrev  0x00002de4      0x30e ./Drivers/STM32F4xx_HAL_Driver/Src/stm32f4xx_hal_uart.o
 .debug_abbrev  0x000030f2      0x1ab ./Drivers/STM32F4xx_HAL_Driver/Src/stm32f4xx_ll_fmc.o
 .debug_abbrev  0x0000329d      0x2b3 ./Drivers/STM32F4xx_HAL_Driver/Src/stm32f4xx_ll_usb.o
 .debug_abbrev  0x00003550      0x3ca ./Middlewares/ST/STM32_USB_Host_Library/Core/Src/usbh_core.o
 .debug_abbrev  0x0000391a      0x289 ./Middlewares/ST/STM32_USB_Host_Library/Core/Src/usbh_pipes.o
 .debug_abbrev  0x00003ba3      0x3b7 ./Middlewares/Third_Party/FreeRTOS/Source/CMSIS_RTOS/cmsis_os.o
 .debug_abbrev  0x00003f5a       0xf5 ./Middlewares/Third_Party/FreeRTOS/Source/list.o
 .debug_abbrev  0x0000404f      0x3b5 ./Middlewares/Third_Party/FreeRTOS/Source/queue.o
 .debug_abbrev  0x00004404      0x378 ./Middlewares/Third_Party/FreeRTOS/Source/tasks.o
 .debug_abbrev  0x0000477c      0x25c ./Middlewares/Third_Party/FreeRTOS/Source/portable/GCC/ARM_CM4F/port.o
 .debug_abbrev  0x000049d8      0x3b0 ./USB_HOST/Target/usbh_conf.o

.debug_aranges  0x00000000     0x2060
 .debug_aranges
                0x00000000       0x38 ./Core/Src/freertos.o
 .debug_aranges
                0x00000038       0x88 ./Core/Src/main.o
 .debug_aranges
                0x000000c0       0xb0 ./Core/Src/stm32f4xx_hal_msp.o
 .debug_aranges
                0x00000170       0x30 ./Core/Src/stm32f4xx_hal_timebase_tim.o
 .debug_aranges
                0x000001a0       0x68 ./Core/Src/stm32f4xx_it.o
 .debug_aranges
                0x00000208       0x28 ./Core/Src/system_stm32f4xx.o
 .debug_aranges
                0x00000230       0x28 ./Core/Startup/startup_stm32f429zitx.o
 .debug_aranges
                0x00000258      0x100 ./Drivers/STM32F4xx_HAL_Driver/Src/stm32f4xx_hal.o
 .debug_aranges
                0x00000358      0x130 ./Drivers/STM32F4xx_HAL_Driver/Src/stm32f4xx_hal_cortex.o
 .debug_aranges
                0x00000488       0x50 ./Drivers/STM32F4xx_HAL_Driver/Src/stm32f4xx_hal_crc.o
 .debug_aranges
                0x000004d8      0x118 ./Drivers/STM32F4xx_HAL_Driver/Src/stm32f4xx_hal_dma2d.o
 .debug_aranges
                0x000005f0       0x58 ./Drivers/STM32F4xx_HAL_Driver/Src/stm32f4xx_hal_gpio.o
 .debug_aranges
                0x00000648      0x108 ./Drivers/STM32F4xx_HAL_Driver/Src/stm32f4xx_hal_hcd.o
 .debug_aranges
                0x00000750      0x2a8 ./Drivers/STM32F4xx_HAL_Driver/Src/stm32f4xx_hal_i2c.o
 .debug_aranges
                0x000009f8       0x28 ./Drivers/STM32F4xx_HAL_Driver/Src/stm32f4xx_hal_i2c_ex.o
 .debug_aranges
                0x00000a20      0x158 ./Drivers/STM32F4xx_HAL_Driver/Src/stm32f4xx_hal_ltdc.o
 .debug_aranges
                0x00000b78       0x88 ./Drivers/STM32F4xx_HAL_Driver/Src/stm32f4xx_hal_rcc.o
 .debug_aranges
                0x00000c00       0x58 ./Drivers/STM32F4xx_HAL_Driver/Src/stm32f4xx_hal_rcc_ex.o
 .debug_aranges
                0x00000c58       0xe8 ./Drivers/STM32F4xx_HAL_Driver/Src/stm32f4xx_hal_sdram.o
 .debug_aranges
                0x00000d40      0x1d0 ./Drivers/STM32F4xx_HAL_Driver/Src/stm32f4xx_hal_spi.o
 .debug_aranges
                0x00000f10      0x3d0 ./Drivers/STM32F4xx_HAL_Driver/Src/stm32f4xx_hal_tim.o
 .debug_aranges
                0x000012e0      0x168 ./Drivers/STM32F4xx_HAL_Driver/Src/stm32f4xx_hal_tim_ex.o
 .debug_aranges
                0x00001448      0x208 ./Drivers/STM32F4xx_HAL_Driver/Src/stm32f4xx_hal_uart.o
 .debug_aranges
                0x00001650       0xf0 ./Drivers/STM32F4xx_HAL_Driver/Src/stm32f4xx_ll_fmc.o
 .debug_aranges
                0x00001740      0x1a0 ./Drivers/STM32F4xx_HAL_Driver/Src/stm32f4xx_ll_usb.o
 .debug_aranges
                0x000018e0       0xd0 ./Middlewares/ST/STM32_USB_Host_Library/Core/Src/usbh_core.o
 .debug_aranges
                0x000019b0       0x40 ./Middlewares/ST/STM32_USB_Host_Library/Core/Src/usbh_pipes.o
 .debug_aranges
                0x000019f0      0x1d8 ./Middlewares/Third_Party/FreeRTOS/Source/CMSIS_RTOS/cmsis_os.o
 .debug_aranges
                0x00001bc8       0x40 ./Middlewares/Third_Party/FreeRTOS/Source/list.o
 .debug_aranges
                0x00001c08      0x128 ./Middlewares/Third_Party/FreeRTOS/Source/queue.o
 .debug_aranges
                0x00001d30      0x1d8 ./Middlewares/Third_Party/FreeRTOS/Source/tasks.o
 .debug_aranges
                0x00001f08       0x80 ./Middlewares/Third_Party/FreeRTOS/Source/portable/GCC/ARM_CM4F/port.o
 .debug_aranges
                0x00001f88       0xd8 ./USB_HOST/Target/usbh_conf.o

.debug_rnglists
                0x00000000     0x1937
 .debug_rnglists
                0x00000000       0x25 ./Core/Src/freertos.o
 .debug_rnglists
                0x00000025       0x67 ./Core/Src/main.o
 .debug_rnglists
                0x0000008c       0x85 ./Core/Src/stm32f4xx_hal_msp.o
 .debug_rnglists
                0x00000111       0x20 ./Core/Src/stm32f4xx_hal_timebase_tim.o
 .debug_rnglists
                0x00000131       0x49 ./Core/Src/stm32f4xx_it.o
 .debug_rnglists
                0x0000017a       0x1a ./Core/Src/system_stm32f4xx.o
 .debug_rnglists
                0x00000194       0x19 ./Core/Startup/startup_stm32f429zitx.o
 .debug_rnglists
                0x000001ad       0xbb ./Drivers/STM32F4xx_HAL_Driver/Src/stm32f4xx_hal.o
 .debug_rnglists
                0x00000268       0xe0 ./Drivers/STM32F4xx_HAL_Driver/Src/stm32f4xx_hal_cortex.o
 .debug_rnglists
                0x00000348       0x37 ./Drivers/STM32F4xx_HAL_Driver/Src/stm32f4xx_hal_crc.o
 .debug_rnglists
                0x0000037f       0xdc ./Drivers/STM32F4xx_HAL_Driver/Src/stm32f4xx_hal_dma2d.o
 .debug_rnglists
                0x0000045b       0x3f ./Drivers/STM32F4xx_HAL_Driver/Src/stm32f4xx_hal_gpio.o
 .debug_rnglists
                0x0000049a       0xca ./Drivers/STM32F4xx_HAL_Driver/Src/stm32f4xx_hal_hcd.o
 .debug_rnglists
                0x00000564      0x23c ./Drivers/STM32F4xx_HAL_Driver/Src/stm32f4xx_hal_i2c.o
 .debug_rnglists
                0x000007a0       0x19 ./Drivers/STM32F4xx_HAL_Driver/Src/stm32f4xx_hal_i2c_ex.o
 .debug_rnglists
                0x000007b9      0x10a ./Drivers/STM32F4xx_HAL_Driver/Src/stm32f4xx_hal_ltdc.o
 .debug_rnglists
                0x000008c3       0x66 ./Drivers/STM32F4xx_HAL_Driver/Src/stm32f4xx_hal_rcc.o
 .debug_rnglists
                0x00000929       0x43 ./Drivers/STM32F4xx_HAL_Driver/Src/stm32f4xx_hal_rcc_ex.o
 .debug_rnglists
                0x0000096c       0xb1 ./Drivers/STM32F4xx_HAL_Driver/Src/stm32f4xx_hal_sdram.o
 .debug_rnglists
                0x00000a1d      0x16f ./Drivers/STM32F4xx_HAL_Driver/Src/stm32f4xx_hal_spi.o
 .debug_rnglists
                0x00000b8c      0x31a ./Drivers/STM32F4xx_HAL_Driver/Src/stm32f4xx_hal_tim.o
 .debug_rnglists
                0x00000ea6      0x125 ./Drivers/STM32F4xx_HAL_Driver/Src/stm32f4xx_hal_tim_ex.o
 .debug_rnglists
                0x00000fcb      0x1bc ./Drivers/STM32F4xx_HAL_Driver/Src/stm32f4xx_hal_uart.o
 .debug_rnglists
                0x00001187       0xb5 ./Drivers/STM32F4xx_HAL_Driver/Src/stm32f4xx_ll_fmc.o
 .debug_rnglists
                0x0000123c      0x147 ./Drivers/STM32F4xx_HAL_Driver/Src/stm32f4xx_ll_usb.o
 .debug_rnglists
                0x00001383       0x9c ./Middlewares/ST/STM32_USB_Host_Library/Core/Src/usbh_core.o
 .debug_rnglists
                0x0000141f       0x2b ./Middlewares/ST/STM32_USB_Host_Library/Core/Src/usbh_pipes.o
 .debug_rnglists
                0x0000144a      0x16a ./Middlewares/Third_Party/FreeRTOS/Source/CMSIS_RTOS/cmsis_os.o
 .debug_rnglists
                0x000015b4       0x2b ./Middlewares/Third_Party/FreeRTOS/Source/list.o
 .debug_rnglists
                0x000015df       0xe5 ./Middlewares/Third_Party/FreeRTOS/Source/queue.o
 .debug_rnglists
                0x000016c4      0x177 ./Middlewares/Third_Party/FreeRTOS/Source/tasks.o
 .debug_rnglists
                0x0000183b       0x5d ./Middlewares/Third_Party/FreeRTOS/Source/portable/GCC/ARM_CM4F/port.o
 .debug_rnglists
                0x00001898       0x9f ./USB_HOST/Target/usbh_conf.o

.debug_macro    0x00000000    0x28b31
 .debug_macro   0x00000000      0x2ca ./Core/Src/freertos.o
 .debug_macro   0x000002ca      0xab4 ./Core/Src/freertos.o
 .debug_macro   0x00000d7e      0x189 ./Core/Src/freertos.o
 .debug_macro   0x00000f07       0x22 ./Core/Src/freertos.o
 .debug_macro   0x00000f29       0x8e ./Core/Src/freertos.o
 .debug_macro   0x00000fb7       0x51 ./Core/Src/freertos.o
 .debug_macro   0x00001008      0x103 ./Core/Src/freertos.o
 .debug_macro   0x0000110b       0x6a ./Core/Src/freertos.o
 .debug_macro   0x00001175      0x1df ./Core/Src/freertos.o
 .debug_macro   0x00001354      0x109 ./Core/Src/freertos.o
 .debug_macro   0x0000145d      0x15a ./Core/Src/freertos.o
 .debug_macro   0x000015b7       0xde ./Core/Src/freertos.o
 .debug_macro   0x00001695       0x1c ./Core/Src/freertos.o
 .debug_macro   0x000016b1       0x26 ./Core/Src/freertos.o
 .debug_macro   0x000016d7      0x4e1 ./Core/Src/freertos.o
 .debug_macro   0x00001bb8       0xb5 ./Core/Src/freertos.o
 .debug_macro   0x00001c6d       0xaa ./Core/Src/freertos.o
 .debug_macro   0x00001d17      0x2c5 ./Core/Src/freertos.o
 .debug_macro   0x00001fdc       0x2e ./Core/Src/freertos.o
 .debug_macro   0x0000200a       0x28 ./Core/Src/freertos.o
 .debug_macro   0x00002032       0x1c ./Core/Src/freertos.o
 .debug_macro   0x0000204e       0x22 ./Core/Src/freertos.o
 .debug_macro   0x00002070       0xfb ./Core/Src/freertos.o
 .debug_macro   0x0000216b     0x1011 ./Core/Src/freertos.o
 .debug_macro   0x0000317c      0x11f ./Core/Src/freertos.o
 .debug_macro   0x0000329b    0x17fd8 ./Core/Src/freertos.o
 .debug_macro   0x0001b273       0x6d ./Core/Src/freertos.o
 .debug_macro   0x0001b2e0     0x3711 ./Core/Src/freertos.o
 .debug_macro   0x0001e9f1       0x5c ./Core/Src/freertos.o
 .debug_macro   0x0001ea4d      0xcba ./Core/Src/freertos.o
 .debug_macro   0x0001f707      0x9e9 ./Core/Src/freertos.o
 .debug_macro   0x000200f0      0x115 ./Core/Src/freertos.o
 .debug_macro   0x00020205      0x156 ./Core/Src/freertos.o
 .debug_macro   0x0002035b       0xa5 ./Core/Src/freertos.o
 .debug_macro   0x00020400      0x182 ./Core/Src/freertos.o
 .debug_macro   0x00020582      0x287 ./Core/Src/freertos.o
 .debug_macro   0x00020809       0x5f ./Core/Src/freertos.o
 .debug_macro   0x00020868      0x236 ./Core/Src/freertos.o
 .debug_macro   0x00020a9e       0x22 ./Core/Src/freertos.o
 .debug_macro   0x00020ac0      0x208 ./Core/Src/freertos.o
 .debug_macro   0x00020cc8      0x132 ./Core/Src/freertos.o
 .debug_macro   0x00020dfa      0x41d ./Core/Src/freertos.o
 .debug_macro   0x00021217       0x2e ./Core/Src/freertos.o
 .debug_macro   0x00021245      0x556 ./Core/Src/freertos.o
 .debug_macro   0x0002179b      0x1b5 ./Core/Src/freertos.o
 .debug_macro   0x00021950       0x22 ./Core/Src/freertos.o
 .debug_macro   0x00021972       0xd6 ./Core/Src/freertos.o
 .debug_macro   0x00021a48      0x198 ./Core/Src/freertos.o
 .debug_macro   0x00021be0       0xd6 ./Core/Src/freertos.o
 .debug_macro   0x00021cb6      0x127 ./Core/Src/freertos.o
 .debug_macro   0x00021ddd       0xe2 ./Core/Src/freertos.o
 .debug_macro   0x00021ebf       0x89 ./Core/Src/freertos.o
 .debug_macro   0x00021f48      0x225 ./Core/Src/freertos.o
 .debug_macro   0x0002216d      0x8ed ./Core/Src/freertos.o
 .debug_macro   0x00022a5a       0x4d ./Core/Src/freertos.o
 .debug_macro   0x00022aa7      0x2aa ./Core/Src/freertos.o
 .debug_macro   0x00022d51      0x293 ./Core/Src/freertos.o
 .debug_macro   0x00022fe4       0x98 ./Core/Src/freertos.o
 .debug_macro   0x0002307c      0x134 ./Core/Src/freertos.o
 .debug_macro   0x000231b0      0x4c8 ./Core/Src/freertos.o
 .debug_macro   0x00023678      0x31f ./Core/Src/main.o
 .debug_macro   0x00023997      0x109 ./Core/Src/main.o
 .debug_macro   0x00023aa0       0x91 ./Core/Src/main.o
 .debug_macro   0x00023b31       0x8d ./Core/Src/main.o
 .debug_macro   0x00023bbe       0x9a ./Core/Src/main.o
 .debug_macro   0x00023c58       0x19 ./Core/Src/main.o
 .debug_macro   0x00023c71       0xf2 ./Core/Src/main.o
 .debug_macro   0x00023d63      0x262 ./Core/Src/stm32f4xx_hal_msp.o
 .debug_macro   0x00023fc5      0x253 ./Core/Src/stm32f4xx_hal_timebase_tim.o
 .debug_macro   0x00024218      0x26c ./Core/Src/stm32f4xx_it.o
 .debug_macro   0x00024484      0x253 ./Core/Src/system_stm32f4xx.o
 .debug_macro   0x000246d7      0x2b3 ./Drivers/STM32F4xx_HAL_Driver/Src/stm32f4xx_hal.o
 .debug_macro   0x0002498a      0x253 ./Drivers/STM32F4xx_HAL_Driver/Src/stm32f4xx_hal_cortex.o
 .debug_macro   0x00024bdd      0x253 ./Drivers/STM32F4xx_HAL_Driver/Src/stm32f4xx_hal_crc.o
 .debug_macro   0x00024e30      0x262 ./Drivers/STM32F4xx_HAL_Driver/Src/stm32f4xx_hal_dma2d.o
 .debug_macro   0x00025092      0x259 ./Drivers/STM32F4xx_HAL_Driver/Src/stm32f4xx_hal_gpio.o
 .debug_macro   0x000252eb      0x253 ./Drivers/STM32F4xx_HAL_Driver/Src/stm32f4xx_hal_hcd.o
 .debug_macro   0x0002553e      0x2a1 ./Drivers/STM32F4xx_HAL_Driver/Src/stm32f4xx_hal_i2c.o
 .debug_macro   0x000257df      0x253 ./Drivers/STM32F4xx_HAL_Driver/Src/stm32f4xx_hal_i2c_ex.o
 .debug_macro   0x00025a32      0x25b ./Drivers/STM32F4xx_HAL_Driver/Src/stm32f4xx_hal_ltdc.o
 .debug_macro   0x00025c8d      0x277 ./Drivers/STM32F4xx_HAL_Driver/Src/stm32f4xx_hal_rcc.o
 .debug_macro   0x00025f04      0x253 ./Drivers/STM32F4xx_HAL_Driver/Src/stm32f4xx_hal_rcc_ex.o
 .debug_macro   0x00026157      0x253 ./Drivers/STM32F4xx_HAL_Driver/Src/stm32f4xx_hal_sdram.o
 .debug_macro   0x000263aa      0x262 ./Drivers/STM32F4xx_HAL_Driver/Src/stm32f4xx_hal_spi.o
 .debug_macro   0x0002660c      0x254 ./Drivers/STM32F4xx_HAL_Driver/Src/stm32f4xx_hal_tim.o
 .debug_macro   0x00026860      0x253 ./Drivers/STM32F4xx_HAL_Driver/Src/stm32f4xx_hal_tim_ex.o
 .debug_macro   0x00026ab3      0x254 ./Drivers/STM32F4xx_HAL_Driver/Src/stm32f4xx_hal_uart.o
 .debug_macro   0x00026d07      0x29c ./Drivers/STM32F4xx_HAL_Driver/Src/stm32f4xx_ll_fmc.o
 .debug_macro   0x00026fa3      0x253 ./Drivers/STM32F4xx_HAL_Driver/Src/stm32f4xx_ll_usb.o
 .debug_macro   0x000271f6      0x4af ./Middlewares/ST/STM32_USB_Host_Library/Core/Src/usbh_core.o
 .debug_macro   0x000276a5      0x4a1 ./Middlewares/ST/STM32_USB_Host_Library/Core/Src/usbh_pipes.o
 .debug_macro   0x00027b46      0x1fe ./Middlewares/Third_Party/FreeRTOS/Source/CMSIS_RTOS/cmsis_os.o
 .debug_macro   0x00027d44       0x10 ./Middlewares/Third_Party/FreeRTOS/Source/CMSIS_RTOS/cmsis_os.o
 .debug_macro   0x00027d54       0xe9 ./Middlewares/Third_Party/FreeRTOS/Source/CMSIS_RTOS/cmsis_os.o
 .debug_macro   0x00027e3d      0x187 ./Middlewares/Third_Party/FreeRTOS/Source/list.o
 .debug_macro   0x00027fc4      0x216 ./Middlewares/Third_Party/FreeRTOS/Source/queue.o
 .debug_macro   0x000281da       0x87 ./Middlewares/Third_Party/FreeRTOS/Source/queue.o
 .debug_macro   0x00028261      0x279 ./Middlewares/Third_Party/FreeRTOS/Source/tasks.o
 .debug_macro   0x000284da       0x10 ./Middlewares/Third_Party/FreeRTOS/Source/tasks.o
 .debug_macro   0x000284ea      0x196 ./Middlewares/Third_Party/FreeRTOS/Source/portable/GCC/ARM_CM4F/port.o
 .debug_macro   0x00028680      0x4b1 ./USB_HOST/Target/usbh_conf.o

.debug_line     0x00000000    0x26d46
 .debug_line    0x00000000      0x98a ./Core/Src/freertos.o
 .debug_line    0x0000098a      0xd79 ./Core/Src/main.o
 .debug_line    0x00001703      0xbc7 ./Core/Src/stm32f4xx_hal_msp.o
 .debug_line    0x000022ca      0x8c9 ./Core/Src/stm32f4xx_hal_timebase_tim.o
 .debug_line    0x00002b93      0x932 ./Core/Src/stm32f4xx_it.o
 .debug_line    0x000034c5      0x8d2 ./Core/Src/system_stm32f4xx.o
 .debug_line    0x00003d97       0x7a ./Core/Startup/startup_stm32f429zitx.o
 .debug_line    0x00003e11      0xb71 ./Drivers/STM32F4xx_HAL_Driver/Src/stm32f4xx_hal.o
 .debug_line    0x00004982      0xe2d ./Drivers/STM32F4xx_HAL_Driver/Src/stm32f4xx_hal_cortex.o
 .debug_line    0x000057af      0x994 ./Drivers/STM32F4xx_HAL_Driver/Src/stm32f4xx_hal_crc.o
 .debug_line    0x00006143     0x131d ./Drivers/STM32F4xx_HAL_Driver/Src/stm32f4xx_hal_dma2d.o
 .debug_line    0x00007460      0xcef ./Drivers/STM32F4xx_HAL_Driver/Src/stm32f4xx_hal_gpio.o
 .debug_line    0x0000814f     0x15fc ./Drivers/STM32F4xx_HAL_Driver/Src/stm32f4xx_hal_hcd.o
 .debug_line    0x0000974b     0x3c81 ./Drivers/STM32F4xx_HAL_Driver/Src/stm32f4xx_hal_i2c.o
 .debug_line    0x0000d3cc      0x8c8 ./Drivers/STM32F4xx_HAL_Driver/Src/stm32f4xx_hal_i2c_ex.o
 .debug_line    0x0000dc94     0x18f2 ./Drivers/STM32F4xx_HAL_Driver/Src/stm32f4xx_hal_ltdc.o
 .debug_line    0x0000f586      0xec6 ./Drivers/STM32F4xx_HAL_Driver/Src/stm32f4xx_hal_rcc.o
 .debug_line    0x0001044c      0xd10 ./Drivers/STM32F4xx_HAL_Driver/Src/stm32f4xx_hal_rcc_ex.o
 .debug_line    0x0001115c      0xf38 ./Drivers/STM32F4xx_HAL_Driver/Src/stm32f4xx_hal_sdram.o
 .debug_line    0x00012094     0x1e59 ./Drivers/STM32F4xx_HAL_Driver/Src/stm32f4xx_hal_spi.o
 .debug_line    0x00013eed     0x38df ./Drivers/STM32F4xx_HAL_Driver/Src/stm32f4xx_hal_tim.o
 .debug_line    0x000177cc     0x1b31 ./Drivers/STM32F4xx_HAL_Driver/Src/stm32f4xx_hal_tim_ex.o
 .debug_line    0x000192fd     0x2a0d ./Drivers/STM32F4xx_HAL_Driver/Src/stm32f4xx_hal_uart.o
 .debug_line    0x0001bd0a      0xcf2 ./Drivers/STM32F4xx_HAL_Driver/Src/stm32f4xx_ll_fmc.o
 .debug_line    0x0001c9fc     0x1f16 ./Drivers/STM32F4xx_HAL_Driver/Src/stm32f4xx_ll_usb.o
 .debug_line    0x0001e912     0x1434 ./Middlewares/ST/STM32_USB_Host_Library/Core/Src/usbh_core.o
 .debug_line    0x0001fd46      0xcd5 ./Middlewares/ST/STM32_USB_Host_Library/Core/Src/usbh_pipes.o
 .debug_line    0x00020a1b     0x128b ./Middlewares/Third_Party/FreeRTOS/Source/CMSIS_RTOS/cmsis_os.o
 .debug_line    0x00021ca6      0x78c ./Middlewares/Third_Party/FreeRTOS/Source/list.o
 .debug_line    0x00022432     0x165d ./Middlewares/Third_Party/FreeRTOS/Source/queue.o
 .debug_line    0x00023a8f     0x1ae2 ./Middlewares/Third_Party/FreeRTOS/Source/tasks.o
 .debug_line    0x00025571      0x831 ./Middlewares/Third_Party/FreeRTOS/Source/portable/GCC/ARM_CM4F/port.o
 .debug_line    0x00025da2      0xfa4 ./USB_HOST/Target/usbh_conf.o

.debug_str      0x00000000    0xf3e44
 .debug_str     0x00000000    0xe16e5 ./Core/Src/freertos.o
                              0xe19ad (size before relaxing)
 .debug_str     0x000e16e5     0x3bca ./Core/Src/main.o
                              0xe5676 (size before relaxing)
 .debug_str     0x000e52af      0x840 ./Core/Src/stm32f4xx_hal_msp.o
                              0xdf59d (size before relaxing)
 .debug_str     0x000e5aef       0xf5 ./Core/Src/stm32f4xx_hal_timebase_tim.o
                              0xdd7ee (size before relaxing)
 .debug_str     0x000e5be4      0x4d2 ./Core/Src/stm32f4xx_it.o
                              0xde8b6 (size before relaxing)
 .debug_str     0x000e60b6       0xdb ./Core/Src/system_stm32f4xx.o
                              0xdcc93 (size before relaxing)
 .debug_str     0x000e6191       0x44 ./Core/Startup/startup_stm32f429zitx.o
                                 0x92 (size before relaxing)
 .debug_str     0x000e61d5      0x5fa ./Drivers/STM32F4xx_HAL_Driver/Src/stm32f4xx_hal.o
                              0xdd8b6 (size before relaxing)
 .debug_str     0x000e67cf      0x362 ./Drivers/STM32F4xx_HAL_Driver/Src/stm32f4xx_hal_cortex.o
                              0xdd5e4 (size before relaxing)
 .debug_str     0x000e6b31       0x9d ./Drivers/STM32F4xx_HAL_Driver/Src/stm32f4xx_hal_crc.o
                              0xdccae (size before relaxing)
 .debug_str     0x000e6bce      0x377 ./Drivers/STM32F4xx_HAL_Driver/Src/stm32f4xx_hal_dma2d.o
                              0xdd26f (size before relaxing)
 .debug_str     0x000e6f45      0x11c ./Drivers/STM32F4xx_HAL_Driver/Src/stm32f4xx_hal_gpio.o
                              0xdce0e (size before relaxing)
 .debug_str     0x000e7061      0x5e5 ./Drivers/STM32F4xx_HAL_Driver/Src/stm32f4xx_hal_hcd.o
                              0xdd568 (size before relaxing)
 .debug_str     0x000e7646      0xb17 ./Drivers/STM32F4xx_HAL_Driver/Src/stm32f4xx_hal_i2c.o
                              0xddca3 (size before relaxing)
 .debug_str     0x000e815d       0x3b ./Drivers/STM32F4xx_HAL_Driver/Src/stm32f4xx_hal_i2c_ex.o
                              0xdd062 (size before relaxing)
 .debug_str     0x000e8198      0x46d ./Drivers/STM32F4xx_HAL_Driver/Src/stm32f4xx_hal_ltdc.o
                              0xdd2f7 (size before relaxing)
 .debug_str     0x000e8605      0x1f2 ./Drivers/STM32F4xx_HAL_Driver/Src/stm32f4xx_hal_rcc.o
                              0xdd0c7 (size before relaxing)
 .debug_str     0x000e87f7      0x133 ./Drivers/STM32F4xx_HAL_Driver/Src/stm32f4xx_hal_rcc_ex.o
                              0xdce8e (size before relaxing)
 .debug_str     0x000e892a      0x3cd ./Drivers/STM32F4xx_HAL_Driver/Src/stm32f4xx_hal_sdram.o
                              0xdd3b3 (size before relaxing)
 .debug_str     0x000e8cf7      0x560 ./Drivers/STM32F4xx_HAL_Driver/Src/stm32f4xx_hal_spi.o
                              0xdd53e (size before relaxing)
 .debug_str     0x000e9257      0xda8 ./Drivers/STM32F4xx_HAL_Driver/Src/stm32f4xx_hal_tim.o
                              0xde00a (size before relaxing)
 .debug_str     0x000e9fff      0x493 ./Drivers/STM32F4xx_HAL_Driver/Src/stm32f4xx_hal_tim_ex.o
                              0xdd816 (size before relaxing)
 .debug_str     0x000ea492      0x5fa ./Drivers/STM32F4xx_HAL_Driver/Src/stm32f4xx_hal_uart.o
                              0xdd695 (size before relaxing)
 .debug_str     0x000eaa8c      0xa38 ./Drivers/STM32F4xx_HAL_Driver/Src/stm32f4xx_ll_fmc.o
                              0xdd87d (size before relaxing)
 .debug_str     0x000eb4c4      0x513 ./Drivers/STM32F4xx_HAL_Driver/Src/stm32f4xx_ll_usb.o
                              0xdd639 (size before relaxing)
 .debug_str     0x000eb9d7     0x56d6 ./Middlewares/ST/STM32_USB_Host_Library/Core/Src/usbh_core.o
                              0xe9606 (size before relaxing)
 .debug_str     0x000f10ad       0x98 ./Middlewares/ST/STM32_USB_Host_Library/Core/Src/usbh_pipes.o
                              0xe8e22 (size before relaxing)
 .debug_str     0x000f1145      0x987 ./Middlewares/Third_Party/FreeRTOS/Source/CMSIS_RTOS/cmsis_os.o
                               0xec3e (size before relaxing)
 .debug_str     0x000f1acc      0x12d ./Middlewares/Third_Party/FreeRTOS/Source/list.o
                               0xab11 (size before relaxing)
 .debug_str     0x000f1bf9      0x808 ./Middlewares/Third_Party/FreeRTOS/Source/queue.o
                               0xc55b (size before relaxing)
 .debug_str     0x000f2401     0x1159 ./Middlewares/Third_Party/FreeRTOS/Source/tasks.o
                               0xd0ff (size before relaxing)
 .debug_str     0x000f355a      0x783 ./Middlewares/Third_Party/FreeRTOS/Source/portable/GCC/ARM_CM4F/port.o
                               0x8756 (size before relaxing)
 .debug_str     0x000f3cdd      0x167 ./USB_HOST/Target/usbh_conf.o
                              0xe9e1f (size before relaxing)

.comment        0x00000000       0x43
 .comment       0x00000000       0x43 ./Core/Src/freertos.o
                                 0x44 (size before relaxing)
 .comment       0x00000043       0x44 ./Core/Src/main.o
 .comment       0x00000043       0x44 ./Core/Src/stm32f4xx_hal_msp.o
 .comment       0x00000043       0x44 ./Core/Src/stm32f4xx_hal_timebase_tim.o
 .comment       0x00000043       0x44 ./Core/Src/stm32f4xx_it.o
 .comment       0x00000043       0x44 ./Core/Src/system_stm32f4xx.o
 .comment       0x00000043       0x44 ./Drivers/STM32F4xx_HAL_Driver/Src/stm32f4xx_hal.o
 .comment       0x00000043       0x44 ./Drivers/STM32F4xx_HAL_Driver/Src/stm32f4xx_hal_cortex.o
 .comment       0x00000043       0x44 ./Drivers/STM32F4xx_HAL_Driver/Src/stm32f4xx_hal_crc.o
 .comment       0x00000043       0x44 ./Drivers/STM32F4xx_HAL_Driver/Src/stm32f4xx_hal_dma2d.o
 .comment       0x00000043       0x44 ./Drivers/STM32F4xx_HAL_Driver/Src/stm32f4xx_hal_gpio.o
 .comment       0x00000043       0x44 ./Drivers/STM32F4xx_HAL_Driver/Src/stm32f4xx_hal_hcd.o
 .comment       0x00000043       0x44 ./Drivers/STM32F4xx_HAL_Driver/Src/stm32f4xx_hal_i2c.o
 .comment       0x00000043       0x44 ./Drivers/STM32F4xx_HAL_Driver/Src/stm32f4xx_hal_i2c_ex.o
 .comment       0x00000043       0x44 ./Drivers/STM32F4xx_HAL_Driver/Src/stm32f4xx_hal_ltdc.o
 .comment       0x00000043       0x44 ./Drivers/STM32F4xx_HAL_Driver/Src/stm32f4xx_hal_rcc.o
 .comment       0x00000043       0x44 ./Drivers/STM32F4xx_HAL_Driver/Src/stm32f4xx_hal_rcc_ex.o
 .comment       0x00000043       0x44 ./Drivers/STM32F4xx_HAL_Driver/Src/stm32f4xx_hal_sdram.o
 .comment       0x00000043       0x44 ./Drivers/STM32F4xx_HAL_Driver/Src/stm32f4xx_hal_spi.o
 .comment       0x00000043       0x44 ./Drivers/STM32F4xx_HAL_Driver/Src/stm32f4xx_hal_tim.o
 .comment       0x00000043       0x44 ./Drivers/STM32F4xx_HAL_Driver/Src/stm32f4xx_hal_tim_ex.o
 .comment       0x00000043       0x44 ./Drivers/STM32F4xx_HAL_Driver/Src/stm32f4xx_hal_uart.o
 .comment       0x00000043       0x44 ./Drivers/STM32F4xx_HAL_Driver/Src/stm32f4xx_ll_fmc.o
 .comment       0x00000043       0x44 ./Drivers/STM32F4xx_HAL_Driver/Src/stm32f4xx_ll_usb.o
 .comment       0x00000043       0x44 ./Middlewares/ST/STM32_USB_Host_Library/Core/Src/usbh_core.o
 .comment       0x00000043       0x44 ./Middlewares/ST/STM32_USB_Host_Library/Core/Src/usbh_pipes.o
 .comment       0x00000043       0x44 ./Middlewares/Third_Party/FreeRTOS/Source/CMSIS_RTOS/cmsis_os.o
 .comment       0x00000043       0x44 ./Middlewares/Third_Party/FreeRTOS/Source/list.o
 .comment       0x00000043       0x44 ./Middlewares/Third_Party/FreeRTOS/Source/queue.o
 .comment       0x00000043       0x44 ./Middlewares/Third_Party/FreeRTOS/Source/tasks.o
 .comment       0x00000043       0x44 ./Middlewares/Third_Party/FreeRTOS/Source/portable/GCC/ARM_CM4F/port.o
 .comment       0x00000043       0x44 ./USB_HOST/Target/usbh_conf.o

.debug_frame    0x00000000     0x8b6c
 .debug_frame   0x00000000       0xa0 ./Core/Src/freertos.o
 .debug_frame   0x000000a0      0x1cc ./Core/Src/main.o
 .debug_frame   0x0000026c      0x2c8 ./Core/Src/stm32f4xx_hal_msp.o
 .debug_frame   0x00000534       0x74 ./Core/Src/stm32f4xx_hal_timebase_tim.o
 .debug_frame   0x000005a8      0x118 ./Core/Src/stm32f4xx_it.o
 .debug_frame   0x000006c0       0x58 ./Core/Src/system_stm32f4xx.o
 .debug_frame   0x00000718      0x3b4 ./Drivers/STM32F4xx_HAL_Driver/Src/stm32f4xx_hal.o
 .debug_frame   0x00000acc      0x508 ./Drivers/STM32F4xx_HAL_Driver/Src/stm32f4xx_hal_cortex.o
 .debug_frame   0x00000fd4      0x120 ./Drivers/STM32F4xx_HAL_Driver/Src/stm32f4xx_hal_crc.o
 .debug_frame   0x000010f4      0x4e0 ./Drivers/STM32F4xx_HAL_Driver/Src/stm32f4xx_hal_dma2d.o
 .debug_frame   0x000015d4      0x14c ./Drivers/STM32F4xx_HAL_Driver/Src/stm32f4xx_hal_gpio.o
 .debug_frame   0x00001720      0x498 ./Drivers/STM32F4xx_HAL_Driver/Src/stm32f4xx_hal_hcd.o
 .debug_frame   0x00001bb8      0xc84 ./Drivers/STM32F4xx_HAL_Driver/Src/stm32f4xx_hal_i2c.o
 .debug_frame   0x0000283c       0x60 ./Drivers/STM32F4xx_HAL_Driver/Src/stm32f4xx_hal_i2c_ex.o
 .debug_frame   0x0000289c      0x61c ./Drivers/STM32F4xx_HAL_Driver/Src/stm32f4xx_hal_ltdc.o
 .debug_frame   0x00002eb8      0x1f4 ./Drivers/STM32F4xx_HAL_Driver/Src/stm32f4xx_hal_rcc.o
 .debug_frame   0x000030ac      0x13c ./Drivers/STM32F4xx_HAL_Driver/Src/stm32f4xx_hal_rcc_ex.o
 .debug_frame   0x000031e8      0x3e8 ./Drivers/STM32F4xx_HAL_Driver/Src/stm32f4xx_hal_sdram.o
 .debug_frame   0x000035d0      0x828 ./Drivers/STM32F4xx_HAL_Driver/Src/stm32f4xx_hal_spi.o
 .debug_frame   0x00003df8     0x11c0 ./Drivers/STM32F4xx_HAL_Driver/Src/stm32f4xx_hal_tim.o
 .debug_frame   0x00004fb8      0x638 ./Drivers/STM32F4xx_HAL_Driver/Src/stm32f4xx_hal_tim_ex.o
 .debug_frame   0x000055f0      0x954 ./Drivers/STM32F4xx_HAL_Driver/Src/stm32f4xx_hal_uart.o
 .debug_frame   0x00005f44      0x440 ./Drivers/STM32F4xx_HAL_Driver/Src/stm32f4xx_ll_fmc.o
 .debug_frame   0x00006384      0x7c0 ./Drivers/STM32F4xx_HAL_Driver/Src/stm32f4xx_ll_usb.o
 .debug_frame   0x00006b44      0x374 ./Middlewares/ST/STM32_USB_Host_Library/Core/Src/usbh_core.o
 .debug_frame   0x00006eb8       0xcc ./Middlewares/ST/STM32_USB_Host_Library/Core/Src/usbh_pipes.o
 .debug_frame   0x00006f84      0x800 ./Middlewares/Third_Party/FreeRTOS/Source/CMSIS_RTOS/cmsis_os.o
 .debug_frame   0x00007784       0xd8 ./Middlewares/Third_Party/FreeRTOS/Source/list.o
 .debug_frame   0x0000785c      0x504 ./Middlewares/Third_Party/FreeRTOS/Source/queue.o
 .debug_frame   0x00007d60      0x80c ./Middlewares/Third_Party/FreeRTOS/Source/tasks.o
 .debug_frame   0x0000856c      0x1a8 ./Middlewares/Third_Party/FreeRTOS/Source/portable/GCC/ARM_CM4F/port.o
 .debug_frame   0x00008714      0x384 ./USB_HOST/Target/usbh_conf.o
 .debug_frame   0x00008a98       0x20 C:/ST/STM32CubeIDE_1.17.0/STM32CubeIDE/plugins/com.st.stm32cube.ide.mcu.externaltools.gnu-tools-for-stm32.12.3.rel1.win32_1.1.0.202410251130/tools/bin/../lib/gcc/arm-none-eabi/12.3.1/../../../../arm-none-eabi/lib/thumb/v7e-m+fp/hard\libc_nano.a(libc_a-memset.o)
 .debug_frame   0x00008ab8       0x2c C:/ST/STM32CubeIDE_1.17.0/STM32CubeIDE/plugins/com.st.stm32cube.ide.mcu.externaltools.gnu-tools-for-stm32.12.3.rel1.win32_1.1.0.202410251130/tools/bin/../lib/gcc/arm-none-eabi/12.3.1/../../../../arm-none-eabi/lib/thumb/v7e-m+fp/hard\libc_nano.a(libc_a-init.o)