../Core/Src/main.c:92:5:main	40	static
../Core/Src/main.c:181:6:SystemClock_Config	88	static
../Core/Src/main.c:227:13:MX_CRC_Init	8	static
../Core/Src/main.c:253:13:MX_DMA2D_Init	8	static
../Core/Src/main.c:290:13:MX_I2C3_Init	8	static
../Core/Src/main.c:338:13:MX_LTDC_Init	64	static
../Core/Src/main.c:400:13:MX_SPI5_Init	8	static
../Core/Src/main.c:438:13:MX_TIM1_Init	32	static
../Core/Src/main.c:484:13:MX_USART1_UART_Init	8	static
../Core/Src/main.c:513:13:MX_FMC_Init	40	static
../Core/Src/main.c:564:13:MX_GPIO_Init	64	static
../Core/Src/main.c:659:6:StartDefaultTask	16	static
../Core/Src/main.c:680:6:HAL_TIM_PeriodElapsedCallback	16	static
../Core/Src/main.c:697:6:Error_Handler	4	static,ignoring_inline_asm
